Archive member included to satisfy reference by file (symbol)

../../libdaisy/build/libdaisy.a(daisy_field.o)
                              build/CombFilter.o (daisy::DaisyField::Init())
../../libdaisy/build/libdaisy.a(daisy_seed.o)
                              ../../libdaisy/build/libdaisy.a(daisy_field.o) (daisy::DaisySeed::Configure())
../../libdaisy/build/libdaisy.a(sdram.o)
                              ../../libdaisy/build/libdaisy.a(daisy_seed.o) (dsy_sdram_init)
../../libdaisy/build/libdaisy.a(sr_4021.o)
                              ../../libdaisy/build/libdaisy.a(daisy_field.o) (dsy_sr_4021_init)
../../libdaisy/build/libdaisy.a(audio.o)
                              ../../libdaisy/build/libdaisy.a(daisy_seed.o) (dsy_audio_init)
../../libdaisy/build/libdaisy.a(ctrl.o)
                              ../../libdaisy/build/libdaisy.a(daisy_field.o) (daisy::AnalogControl::Init(unsigned short*, float, bool, bool, float))
../../libdaisy/build/libdaisy.a(gatein.o)
                              ../../libdaisy/build/libdaisy.a(daisy_field.o) (daisy::GateIn::Init(dsy_gpio_pin*))
../../libdaisy/build/libdaisy.a(oled_display.o)
                              ../../libdaisy/build/libdaisy.a(daisy_field.o) (daisy::OledDisplay::Fill(bool))
../../libdaisy/build/libdaisy.a(switch.o)
                              ../../libdaisy/build/libdaisy.a(daisy_field.o) (daisy::Switch::Init(dsy_gpio_pin, float))
../../libdaisy/build/libdaisy.a(adc.o)
                              ../../libdaisy/build/libdaisy.a(daisy_field.o) (daisy::AdcChannelConfig::InitSingle(dsy_gpio_pin))
../../libdaisy/build/libdaisy.a(dac.o)
                              ../../libdaisy/build/libdaisy.a(daisy_field.o) (dsy_dac_init)
../../libdaisy/build/libdaisy.a(gpio.o)
                              ../../libdaisy/build/libdaisy.a(daisy_field.o) (dsy_gpio_init)
../../libdaisy/build/libdaisy.a(i2c.o)
                              ../../libdaisy/build/libdaisy.a(daisy_field.o) (daisy::I2CHandle::Init(daisy::I2CHandle::Config const&))
../../libdaisy/build/libdaisy.a(qspi.o)
                              ../../libdaisy/build/libdaisy.a(daisy_seed.o) (dsy_qspi_init)
../../libdaisy/build/libdaisy.a(sai.o)
                              ../../libdaisy/build/libdaisy.a(audio.o) (hsai_BlockA1)
../../libdaisy/build/libdaisy.a(spi.o)
                              ../../libdaisy/build/libdaisy.a(oled_display.o) (daisy::SpiHandle::Init())
../../libdaisy/build/libdaisy.a(tim.o)
                              ../../libdaisy/build/libdaisy.a(daisy_seed.o) (dsy_tim_init)
../../libdaisy/build/libdaisy.a(system.o)
                              ../../libdaisy/build/libdaisy.a(daisy_seed.o) (dsy_system_init)
../../libdaisy/build/libdaisy.a(hal_map.o)
                              ../../libdaisy/build/libdaisy.a(sdram.o) (dsy_hal_map_get_port)
../../libdaisy/build/libdaisy.a(stm32h7xx_hal.o)
                              ../../libdaisy/build/libdaisy.a(system.o) (HAL_Init)
../../libdaisy/build/libdaisy.a(stm32h7xx_hal_adc.o)
                              ../../libdaisy/build/libdaisy.a(adc.o) (HAL_ADC_ConfigChannel)
../../libdaisy/build/libdaisy.a(stm32h7xx_hal_adc_ex.o)
                              ../../libdaisy/build/libdaisy.a(adc.o) (HAL_ADCEx_Calibration_Start)
../../libdaisy/build/libdaisy.a(stm32h7xx_hal_cortex.o)
                              ../../libdaisy/build/libdaisy.a(stm32h7xx_hal.o) (HAL_NVIC_SetPriorityGrouping)
../../libdaisy/build/libdaisy.a(stm32h7xx_hal_dac.o)
                              ../../libdaisy/build/libdaisy.a(dac.o) (HAL_DAC_Init)
../../libdaisy/build/libdaisy.a(stm32h7xx_hal_dac_ex.o)
                              ../../libdaisy/build/libdaisy.a(stm32h7xx_hal_dac.o) (HAL_DACEx_DMAUnderrunCallbackCh2)
../../libdaisy/build/libdaisy.a(stm32h7xx_hal_dma.o)
                              ../../libdaisy/build/libdaisy.a(adc.o) (HAL_DMA_Init)
../../libdaisy/build/libdaisy.a(stm32h7xx_hal_gpio.o)
                              ../../libdaisy/build/libdaisy.a(sdram.o) (HAL_GPIO_Init)
../../libdaisy/build/libdaisy.a(stm32h7xx_hal_i2c.o)
                              ../../libdaisy/build/libdaisy.a(i2c.o) (HAL_I2C_Init)
../../libdaisy/build/libdaisy.a(stm32h7xx_hal_i2c_ex.o)
                              ../../libdaisy/build/libdaisy.a(i2c.o) (HAL_I2CEx_ConfigAnalogFilter)
../../libdaisy/build/libdaisy.a(stm32h7xx_hal_pwr_ex.o)
                              ../../libdaisy/build/libdaisy.a(system.o) (HAL_PWREx_ConfigSupply)
../../libdaisy/build/libdaisy.a(stm32h7xx_hal_qspi.o)
                              ../../libdaisy/build/libdaisy.a(qspi.o) (HAL_QSPI_Init)
../../libdaisy/build/libdaisy.a(stm32h7xx_hal_rcc.o)
                              ../../libdaisy/build/libdaisy.a(system.o) (HAL_RCC_OscConfig)
../../libdaisy/build/libdaisy.a(stm32h7xx_hal_rcc_ex.o)
                              ../../libdaisy/build/libdaisy.a(system.o) (HAL_RCCEx_PeriphCLKConfig)
../../libdaisy/build/libdaisy.a(stm32h7xx_hal_sai.o)
[...]
Memory Configuration

Name             Origin             Length             Attributes
FLASH            0x0000000008000000 0x0000000000020000 xr
DTCMRAM          0x0000000020000000 0x0000000000020000 xrw
SRAM             0x0000000024000000 0x0000000000080000 xrw
RAM_D2           0x0000000030000000 0x0000000000048000 xrw
RAM_D3           0x0000000038000000 0x0000000000010000 xrw
ITCMRAM          0x0000000000000000 0x0000000000010000 xrw
SDRAM            0x00000000c0000000 0x0000000004000000 xrw
QSPIFLASH        0x0000000090000000 0x0000000000800000 xr
*default*        0x0000000000000000 0xffffffffffffffff

Linker script and memory map

LOAD /usr/local/Cellar/arm-none-eabi-gcc/9-2019-q4-major/gcc/bin/../lib/gcc/arm-none-eabi/9.2.1/thumb/v7e-m+dp/hard/crti.o
LOAD /usr/local/Cellar/arm-none-eabi-gcc/9-2019-q4-major/gcc/bin/../lib/gcc/arm-none-eabi/9.2.1/thumb/v7e-m+dp/hard/crtbegin.o
LOAD /usr/local/Cellar/arm-none-eabi-gcc/9-2019-q4-major/gcc/bin/../lib/gcc/arm-none-eabi/9.2.1/../../../../arm-none-eabi/lib/thumb/v7e-m+dp/hard/crt0.o
LOAD build/system_stm32h7xx.o
LOAD build/startup_stm32h750xx.o
LOAD build/CombFilter.o
LOAD ../../libdaisy/build/libdaisy.a
LOAD /usr/local/Cellar/arm-none-eabi-gcc/9-2019-q4-major/gcc/bin/../lib/gcc/arm-none-eabi/9.2.1/../../../../arm-none-eabi/lib/thumb/v7e-m+dp/hard/libnosys.a
LOAD ../../DaisySP/build/libdaisysp.a
LOAD /usr/local/Cellar/arm-none-eabi-gcc/9-2019-q4-major/gcc/bin/../lib/gcc/arm-none-eabi/9.2.1/../../../../arm-none-eabi/lib/thumb/v7e-m+dp/hard/libstdc++_nano.a
LOAD /usr/local/Cellar/arm-none-eabi-gcc/9-2019-q4-major/gcc/bin/../lib/gcc/arm-none-eabi/9.2.1/../../../../arm-none-eabi/lib/thumb/v7e-m+dp/hard/libm.a
LOAD /usr/local/Cellar/arm-none-eabi-gcc/9-2019-q4-major/gcc/bin/../lib/gcc/arm-none-eabi/9.2.1/../../../../arm-none-eabi/lib/thumb/v7e-m+dp/hard/libc_nano.a
START GROUP
LOAD /usr/local/Cellar/arm-none-eabi-gcc/9-2019-q4-major/gcc/bin/../lib/gcc/arm-none-eabi/9.2.1/thumb/v7e-m+dp/hard/libgcc.a
LOAD /usr/local/Cellar/arm-none-eabi-gcc/9-2019-q4-major/gcc/bin/../lib/gcc/arm-none-eabi/9.2.1/../../../../arm-none-eabi/lib/thumb/v7e-m+dp/hard/libc_nano.a
END GROUP
START GROUP
LOAD /usr/local/Cellar/arm-none-eabi-gcc/9-2019-q4-major/gcc/bin/../lib/gcc/arm-none-eabi/9.2.1/thumb/v7e-m+dp/hard/libgcc.a
LOAD /usr/local/Cellar/arm-none-eabi-gcc/9-2019-q4-major/gcc/bin/../lib/gcc/arm-none-eabi/9.2.1/../../../../arm-none-eabi/lib/thumb/v7e-m+dp/hard/libc_nano.a
LOAD /usr/local/Cellar/arm-none-eabi-gcc/9-2019-q4-major/gcc/bin/../lib/gcc/arm-none-eabi/9.2.1/../../../../arm-none-eabi/lib/thumb/v7e-m+dp/hard/libnosys.a
END GROUP
START GROUP
LOAD /usr/local/Cellar/arm-none-eabi-gcc/9-2019-q4-major/gcc/bin/../lib/gcc/arm-none-eabi/9.2.1/thumb/v7e-m+dp/hard/libgcc.a
LOAD /usr/local/Cellar/arm-none-eabi-gcc/9-2019-q4-major/gcc/bin/../lib/gcc/arm-none-eabi/9.2.1/../../../../arm-none-eabi/lib/thumb/v7e-m+dp/hard/libc_nano.a
LOAD /usr/local/Cellar/arm-none-eabi-gcc/9-2019-q4-major/gcc/bin/../lib/gcc/arm-none-eabi/9.2.1/../../../../arm-none-eabi/lib/thumb/v7e-m+dp/hard/libnosys.a
END GROUP
LOAD /usr/local/Cellar/arm-none-eabi-gcc/9-2019-q4-major/gcc/bin/../lib/gcc/arm-none-eabi/9.2.1/thumb/v7e-m+dp/hard/crtend.o
LOAD /usr/local/Cellar/arm-none-eabi-gcc/9-2019-q4-major/gcc/bin/../lib/gcc/arm-none-eabi/9.2.1/thumb/v7e-m+dp/hard/crtn.o
                0x0000000020020000                _estack = 0x20020000

.isr_vector     0x0000000008000000      0x298
                0x0000000008000000                . = ALIGN (0x4)
 *(.isr_vector)
 .isr_vector    0x0000000008000000      0x298 build/startup_stm32h750xx.o
                0x0000000008000000                g_pfnVectors
                0x0000000008000298                . = ALIGN (0x4)

.text           0x0000000008000298     0xc098
                0x0000000008000298                . = ALIGN (0x4)
                0x0000000008000298                _stext = .
 *(.text)
 .text          0x0000000008000298       0x40 /usr/local/Cellar/arm-none-eabi-gcc/9-2019-q4-major/gcc/bin/../lib/gcc/arm-none-eabi/9.2.1/thumb/v7e-m+dp/hard/crtbegin.o
 *(.text*)
 .text.SystemInit
                0x00000000080002d8       0x80 build/system_stm32h7xx.o
                0x00000000080002d8                SystemInit
 .text.Default_Handler
                0x0000000008000358        0x4 build/startup_stm32h750xx.o
                0x0000000008000358                SAI1_IRQHandler
                0x0000000008000358                HASH_RNG_IRQHandler
                0x0000000008000358                EXTI2_IRQHandler
                0x0000000008000358                TIM8_CC_IRQHandler
                0x0000000008000358                HRTIM1_Master_IRQHandler
                0x0000000008000358                DebugMon_Handler
                0x0000000008000358                UART8_IRQHandler
                0x0000000008000358                SPI4_IRQHandler
                0x0000000008000358                TIM1_CC_IRQHandler
                0x0000000008000358                BDMA_Channel6_IRQHandler
                0x0000000008000358                DMA2_Stream5_IRQHandler
                0x0000000008000358                HRTIM1_FLT_IRQHandler
                0x0000000008000358                JPEG_IRQHandler
                0x0000000008000358                DMA1_Stream5_IRQHandler
                0x0000000008000358                BDMA_Channel1_IRQHandler
                0x0000000008000358                HRTIM1_TIMD_IRQHandler
                0x0000000008000358                TAMP_STAMP_IRQHandler
                0x0000000008000358                PendSV_Handler
                0x0000000008000358                NMI_Handler
                0x0000000008000358                EXTI3_IRQHandler
                0x0000000008000358                LPTIM4_IRQHandler
                0x0000000008000358                TIM8_TRG_COM_TIM14_IRQHandler
                0x0000000008000358                LPTIM2_IRQHandler
                0x0000000008000358                DFSDM1_FLT1_IRQHandler
                0x0000000008000358                DMAMUX2_OVR_IRQHandler
                0x0000000008000358                TIM8_UP_TIM13_IRQHandler
                0x0000000008000358                I2C3_ER_IRQHandler
                0x0000000008000358                DFSDM1_FLT2_IRQHandler
                0x0000000008000358                MDMA_IRQHandler
                0x0000000008000358                LPTIM3_IRQHandler
                0x0000000008000358                HSEM1_IRQHandler
                0x0000000008000358                EXTI0_IRQHandler
                0x0000000008000358                FPU_IRQHandler
                0x0000000008000358                OTG_HS_WKUP_IRQHandler
                0x0000000008000358                FDCAN1_IT1_IRQHandler
                0x0000000008000358                UsageFault_Handler
                0x0000000008000358                LTDC_ER_IRQHandler
                0x0000000008000358                DMA2_Stream2_IRQHandler
                0x0000000008000358                HRTIM1_TIME_IRQHandler
                0x0000000008000358                SPI1_IRQHandler
                0x0000000008000358                TIM6_DAC_IRQHandler
                0x0000000008000358                DCMI_IRQHandler
                0x0000000008000358                HRTIM1_TIMC_IRQHandler
                0x0000000008000358                DMA2_Stream3_IRQHandler
                0x0000000008000358                SAI2_IRQHandler
                0x0000000008000358                DFSDM1_FLT3_IRQHandler
                0x0000000008000358                USART6_IRQHandler
                0x0000000008000358                TIM17_IRQHandler
                0x0000000008000358                USART3_IRQHandler
                0x0000000008000358                CRYP_IRQHandler
                0x0000000008000358                BDMA_Channel7_IRQHandler
                0x0000000008000358                LPTIM5_IRQHandler
                0x0000000008000358                UART5_IRQHandler
                0x0000000008000358                ADC3_IRQHandler
                0x0000000008000358                DMA2_Stream0_IRQHandler
                0x0000000008000358                TIM4_IRQHandler
                0x0000000008000358                BDMA_Channel2_IRQHandler
                0x0000000008000358                DMAMUX1_OVR_IRQHandler
                0x0000000008000358                TIM16_IRQHandler
                0x0000000008000358                UART4_IRQHandler
                0x0000000008000358                BDMA_Channel5_IRQHandler
                0x0000000008000358                TIM3_IRQHandler
                0x0000000008000358                RCC_IRQHandler
                0x0000000008000358                TIM8_BRK_TIM12_IRQHandler
                0x0000000008000358                TIM1_TRG_COM_IRQHandler
                0x0000000008000358                Default_Handler
                0x0000000008000358                ECC_IRQHandler
                0x0000000008000358                CEC_IRQHandler
                0x0000000008000358                EXTI15_10_IRQHandler
                0x0000000008000358                BDMA_Channel0_IRQHandler
                0x0000000008000358                ADC_IRQHandler
                0x0000000008000358                DMA1_Stream7_IRQHandler
                0x0000000008000358                HRTIM1_TIMA_IRQHandler
                0x0000000008000358                SPI5_IRQHandler
                0x0000000008000358                TIM7_IRQHandler
                0x0000000008000358                SDMMC1_IRQHandler
                0x0000000008000358                TIM5_IRQHandler
                0x0000000008000358                DMA2_Stream7_IRQHandler
                0x0000000008000358                TIM15_IRQHandler
                0x0000000008000358                PVD_AVD_IRQHandler
                0x0000000008000358                EXTI9_5_IRQHandler
                0x0000000008000358                RTC_WKUP_IRQHandler
                0x0000000008000358                LTDC_IRQHandler
                0x0000000008000358                SAI3_IRQHandler
                0x0000000008000358                ETH_WKUP_IRQHandler
                0x0000000008000358                SPDIF_RX_IRQHandler
                0x0000000008000358                SPI2_IRQHandler
                0x0000000008000358                OTG_HS_EP1_IN_IRQHandler
                0x0000000008000358                MemManage_Handler
                0x0000000008000358                SVC_Handler
                0x0000000008000358                CRS_IRQHandler
                0x0000000008000358                EXTI4_IRQHandler
                0x0000000008000358                HRTIM1_TIMB_IRQHandler
                0x0000000008000358                FDCAN2_IT1_IRQHandler
                0x0000000008000358                ETH_IRQHandler
                0x0000000008000358                TIM1_UP_IRQHandler
                0x0000000008000358                BDMA_Channel4_IRQHandler
                0x0000000008000358                OTG_HS_EP1_OUT_IRQHandler
                0x0000000008000358                WWDG_IRQHandler
                0x0000000008000358                SPI6_IRQHandler
                0x0000000008000358                I2C4_EV_IRQHandler
                0x0000000008000358                MDIOS_IRQHandler
                0x0000000008000358                FDCAN2_IT0_IRQHandler
                0x0000000008000358                LPUART1_IRQHandler
                0x0000000008000358                FDCAN1_IT0_IRQHandler
                0x0000000008000358                TIM2_IRQHandler
                0x0000000008000358                OTG_FS_WKUP_IRQHandler
                0x0000000008000358                OTG_HS_IRQHandler
                0x0000000008000358                DMA2D_IRQHandler
                0x0000000008000358                TIM1_BRK_IRQHandler
                0x0000000008000358                EXTI1_IRQHandler
                0x0000000008000358                SDMMC2_IRQHandler
                0x0000000008000358                OTG_FS_EP1_OUT_IRQHandler
                0x0000000008000358                BDMA_Channel3_IRQHandler
                0x0000000008000358                UART7_IRQHandler
                0x0000000008000358                MDIOS_WKUP_IRQHandler
                0x0000000008000358                USART2_IRQHandler
                0x0000000008000358                DFSDM1_FLT0_IRQHandler
                0x0000000008000358                SAI4_IRQHandler
                0x0000000008000358                I2C2_ER_IRQHandler
                0x0000000008000358                DMA2_Stream1_IRQHandler
                0x0000000008000358                FLASH_IRQHandler
                0x0000000008000358                DMA2_Stream4_IRQHandler
                0x0000000008000358                BusFault_Handler
                0x0000000008000358                USART1_IRQHandler
                0x0000000008000358                OTG_FS_IRQHandler
                0x0000000008000358                SPI3_IRQHandler
                0x0000000008000358                WAKEUP_PIN_IRQHandler
                0x0000000008000358                OTG_FS_EP1_IN_IRQHandler
                0x0000000008000358                I2C1_ER_IRQHandler
                0x0000000008000358                FMC_IRQHandler
                0x0000000008000358                FDCAN_CAL_IRQHandler
                0x0000000008000358                SWPMI1_IRQHandler
                0x0000000008000358                COMP1_IRQHandler
                0x0000000008000358                LPTIM1_IRQHandler
                0x0000000008000358                I2C4_ER_IRQHandler
                0x0000000008000358                DMA2_Stream6_IRQHandler
                0x0000000008000358                RTC_Alarm_IRQHandler
 .text.Reset_Handler
                0x000000000800035c       0x4c build/startup_stm32h750xx.o
                0x000000000800035c                Reset_Handler
 .text._ZN5daisy10DaisyFieldD2Ev
                0x00000000080003a8        0x4 build/CombFilter.o
                0x00000000080003a8                daisy::DaisyField::~DaisyField()
                0x00000000080003a8                daisy::DaisyField::~DaisyField()
 .text._ZN7daisysp4CombD2Ev
                0x00000000080003ac        0x4 build/CombFilter.o
                0x00000000080003ac                daisysp::Comb::~Comb()
                0x00000000080003ac                daisysp::Comb::~Comb()
 .text._ZN7daisysp8BitcrushD2Ev
                0x00000000080003b0        0x4 build/CombFilter.o
                0x00000000080003b0                daisysp::Bitcrush::~Bitcrush()
                0x00000000080003b0                daisysp::Bitcrush::~Bitcrush()
 .text._ZN7daisysp5MetroD2Ev
                0x00000000080003b4        0x4 build/CombFilter.o
                0x00000000080003b4                daisysp::Metro::~Metro()
                0x00000000080003b4                daisysp::Metro::~Metro()
 .text._ZN7daisysp10WhiteNoiseD2Ev
                0x00000000080003b8        0x4 build/CombFilter.o
                0x00000000080003b8                daisysp::WhiteNoise::~WhiteNoise()
                0x00000000080003b8                daisysp::WhiteNoise::~WhiteNoise()
 .text._ZL8callbackPfS_j
                0x00000000080003bc      0x1e4 build/CombFilter.o
 .text.startup.main
                0x00000000080005a0       0xc8 build/CombFilter.o
                0x00000000080005a0                main
 .text.startup._GLOBAL__sub_I_hw
                0x0000000008000668       0x80 build/CombFilter.o
 .text._ZN5daisy10DaisyField4InitEv
                0x00000000080006e8      0x348 ../../libdaisy/build/libdaisy.a(daisy_field.o)
                0x00000000080006e8                daisy::DaisyField::Init()
 .text._ZN5daisy10DaisyField10StartAudioEPFvPfS1_jE
                0x0000000008000a30        0x4 ../../libdaisy/build/libdaisy.a(daisy_field.o)
                0x0000000008000a30                daisy::DaisyField::StartAudio(void (*)(float*, float*, unsigned int))
 .text.startup._GLOBAL__sub_I__ZN5daisy10DaisyField4InitEv
                0x0000000008000a34       0x18 ../../libdaisy/build/libdaisy.a(daisy_field.o)
 .text._ZN5daisy9DaisySeed9ConfigureEv
                0x0000000008000a4c       0xbc ../../libdaisy/build/libdaisy.a(daisy_seed.o)
                0x0000000008000a4c                daisy::DaisySeed::Configure()
 .text._ZN5daisy9DaisySeed4InitEv
                0x0000000008000b08       0x38 ../../libdaisy/build/libdaisy.a(daisy_seed.o)
                0x0000000008000b08                daisy::DaisySeed::Init()
 .text._ZN5daisy9DaisySeed6GetPinEh
                0x0000000008000b40       0x2c ../../libdaisy/build/libdaisy.a(daisy_seed.o)
                0x0000000008000b40                daisy::DaisySeed::GetPin(unsigned char)
 .text._ZN5daisy9DaisySeed10StartAudioEPFvPfS1_jE
                0x0000000008000b6c       0x14 ../../libdaisy/build/libdaisy.a(daisy_seed.o)
                0x0000000008000b6c                daisy::DaisySeed::StartAudio(void (*)(float*, float*, unsigned int))
 .text._ZN5daisy9DaisySeed15AudioSampleRateEv
                0x0000000008000b80        0xc ../../libdaisy/build/libdaisy.a(daisy_seed.o)
                0x0000000008000b80                daisy::DaisySeed::AudioSampleRate()
 .text._ZN5daisy9DaisySeed17SetAudioBlockSizeEj
                0x0000000008000b8c        0x8 ../../libdaisy/build/libdaisy.a(daisy_seed.o)
                0x0000000008000b8c                daisy::DaisySeed::SetAudioBlockSize(unsigned int)
 .text.dsy_sdram_init
                0x0000000008000b94      0x120 ../../libdaisy/build/libdaisy.a(sdram.o)
                0x0000000008000b94                dsy_sdram_init
 .text.HAL_SDRAM_MspInit
                0x0000000008000cb4      0x1cc ../../libdaisy/build/libdaisy.a(sdram.o)
                0x0000000008000cb4                HAL_SDRAM_MspInit
 .text.dsy_sr_4021_init
                0x0000000008000e80       0x64 ../../libdaisy/build/libdaisy.a(sr_4021.o)
                0x0000000008000e80                dsy_sr_4021_init
 .text.combined_callback
                0x0000000008000ee4      0x3d4 ../../libdaisy/build/libdaisy.a(audio.o)
 .text.dsy_audio_passthru
                0x00000000080012b8        0xc ../../libdaisy/build/libdaisy.a(audio.o)
                0x00000000080012b8                dsy_audio_passthru
 .text.internal_callback
                0x00000000080012c4      0x19c ../../libdaisy/build/libdaisy.a(audio.o)
 .text.DMA1_Stream0_IRQHandler
                0x0000000008001460        0xc ../../libdaisy/build/libdaisy.a(audio.o)
                0x0000000008001460                DMA1_Stream0_IRQHandler
 .text.DMA1_Stream1_IRQHandler
                0x000000000800146c        0xc ../../libdaisy/build/libdaisy.a(audio.o)
                0x000000000800146c                DMA1_Stream1_IRQHandler
 .text.DMA1_Stream3_IRQHandler
                0x0000000008001478        0xc ../../libdaisy/build/libdaisy.a(audio.o)
                0x0000000008001478                DMA1_Stream3_IRQHandler
 .text.DMA1_Stream4_IRQHandler
                0x0000000008001484        0xc ../../libdaisy/build/libdaisy.a(audio.o)
                0x0000000008001484                DMA1_Stream4_IRQHandler
 .text.dsy_audio_init
                0x0000000008001490      0x1bc ../../libdaisy/build/libdaisy.a(audio.o)
                0x0000000008001490                dsy_audio_init
 .text.dsy_audio_set_callback
                0x000000000800164c       0x20 ../../libdaisy/build/libdaisy.a(audio.o)
                0x000000000800164c                dsy_audio_set_callback
 .text.dsy_audio_set_blocksize
                0x000000000800166c       0x2c ../../libdaisy/build/libdaisy.a(audio.o)
                0x000000000800166c                dsy_audio_set_blocksize
 .text.dsy_audio_start
                0x0000000008001698       0xac ../../libdaisy/build/libdaisy.a(audio.o)
                0x0000000008001698                dsy_audio_start
 .text.HAL_SAI_RxHalfCpltCallback
                0x0000000008001744       0x2c ../../libdaisy/build/libdaisy.a(audio.o)
                0x0000000008001744                HAL_SAI_RxHalfCpltCallback
 .text.HAL_SAI_RxCpltCallback
                0x0000000008001770       0x3c ../../libdaisy/build/libdaisy.a(audio.o)
                0x0000000008001770                HAL_SAI_RxCpltCallback
 .text._ZN5daisy13AnalogControl4InitEPtfbbf
                0x00000000080017ac       0x34 ../../libdaisy/build/libdaisy.a(ctrl.o)
                0x00000000080017ac                daisy::AnalogControl::Init(unsigned short*, float, bool, bool, float)
 .text._ZN5daisy13AnalogControl13InitBipolarCvEPtf
                0x00000000080017e0       0x44 ../../libdaisy/build/libdaisy.a(ctrl.o)
                0x00000000080017e0                daisy::AnalogControl::InitBipolarCv(unsigned short*, float)
 .text._ZN5daisy13AnalogControl7ProcessEv
                0x0000000008001824       0x48 ../../libdaisy/build/libdaisy.a(ctrl.o)
                0x0000000008001824                daisy::AnalogControl::Process()
 .text._ZN5daisy6GateIn4InitEP12dsy_gpio_pin
                0x000000000800186c       0x10 ../../libdaisy/build/libdaisy.a(gatein.o)
                0x000000000800186c                daisy::GateIn::Init(dsy_gpio_pin*)
 .text._ZN5daisy9SpiHandleD2Ev
                0x000000000800187c        0x4 ../../libdaisy/build/libdaisy.a(oled_display.o)
                0x000000000800187c                daisy::SpiHandle::~SpiHandle()
                0x000000000800187c                daisy::SpiHandle::~SpiHandle()
 .text._ZN5daisy11OledDisplay6UpdateEv
                0x0000000008001880       0x8c ../../libdaisy/build/libdaisy.a(oled_display.o)
                0x0000000008001880                daisy::OledDisplay::Update()
 .text._ZN5daisy11OledDisplay4InitEP12dsy_gpio_pin
                0x000000000800190c      0x328 ../../libdaisy/build/libdaisy.a(oled_display.o)
                0x000000000800190c                daisy::OledDisplay::Init(dsy_gpio_pin*)
 .text.startup._GLOBAL__sub_I__ZN5daisy11OledDisplay4InitEP12dsy_gpio_pin
                0x0000000008001c34       0x18 ../../libdaisy/build/libdaisy.a(oled_display.o)
 .text._ZN5daisy6Switch4InitE12dsy_gpio_pinf
                0x0000000008001c4c       0x38 ../../libdaisy/build/libdaisy.a(switch.o)
                0x0000000008001c4c                daisy::Switch::Init(dsy_gpio_pin, float)
 .text._ZN5daisy16AdcChannelConfig10InitSingleE12dsy_gpio_pin
                0x0000000008001c84       0x1c ../../libdaisy/build/libdaisy.a(adc.o)
                0x0000000008001c84                daisy::AdcChannelConfig::InitSingle(dsy_gpio_pin)
 .text._ZN5daisy16AdcChannelConfig7InitMuxE12dsy_gpio_pinjS1_S1_S1_
                0x0000000008001ca0       0x74 ../../libdaisy/build/libdaisy.a(adc.o)
                0x0000000008001ca0                daisy::AdcChannelConfig::InitMux(dsy_gpio_pin, unsigned int, dsy_gpio_pin, dsy_gpio_pin, dsy_gpio_pin)
 .text._ZN5daisy9AdcHandle4InitEPNS_16AdcChannelConfigEjNS0_12OverSamplingE
                0x0000000008001d14      0x5e8 ../../libdaisy/build/libdaisy.a(adc.o)
                0x0000000008001d14                daisy::AdcHandle::Init(daisy::AdcChannelConfig*, unsigned int, daisy::AdcHandle::OverSampling)
 .text._ZN5daisy9AdcHandle5StartEv
                0x00000000080022fc       0x38 ../../libdaisy/build/libdaisy.a(adc.o)
                0x00000000080022fc                daisy::AdcHandle::Start()
 .text._ZNK5daisy9AdcHandle6GetPtrEh
                0x0000000008002334       0x14 ../../libdaisy/build/libdaisy.a(adc.o)
                0x0000000008002334                daisy::AdcHandle::GetPtr(unsigned char) const
 .text._ZNK5daisy9AdcHandle9GetMuxPtrEhh
                0x0000000008002348       0x1c ../../libdaisy/build/libdaisy.a(adc.o)
                0x0000000008002348                daisy::AdcHandle::GetMuxPtr(unsigned char, unsigned char) const
 .text.HAL_ADC_MspInit
                0x0000000008002364       0x8c ../../libdaisy/build/libdaisy.a(adc.o)
                0x0000000008002364                HAL_ADC_MspInit
 .text.DMA1_Stream2_IRQHandler
                0x00000000080023f0        0xc ../../libdaisy/build/libdaisy.a(adc.o)
                0x00000000080023f0                DMA1_Stream2_IRQHandler
 .text.HAL_ADC_ConvHalfCpltCallback
                0x00000000080023fc       0xb8 ../../libdaisy/build/libdaisy.a(adc.o)
                0x00000000080023fc                HAL_ADC_ConvHalfCpltCallback
 .text.dsy_dac_init
                0x00000000080024b4       0x6c ../../libdaisy/build/libdaisy.a(dac.o)
                0x00000000080024b4                dsy_dac_init
 .text.HAL_DAC_MspInit
                0x0000000008002520       0xb0 ../../libdaisy/build/libdaisy.a(dac.o)
                0x0000000008002520                HAL_DAC_MspInit
 .text.dsy_gpio_init
                0x00000000080025d0       0x58 ../../libdaisy/build/libdaisy.a(gpio.o)
                0x00000000080025d0                dsy_gpio_init
 .text.dsy_gpio_write
                0x0000000008002628       0x24 ../../libdaisy/build/libdaisy.a(gpio.o)
                0x0000000008002628                dsy_gpio_write
 .text._ZN5daisy9I2CHandle4Impl8InitPinsEv
                0x000000000800264c       0x58 ../../libdaisy/build/libdaisy.a(i2c.o)
                0x000000000800264c                daisy::I2CHandle::Impl::InitPins()
 .text.HAL_I2C_MspInit
                0x00000000080026a4      0x1b4 ../../libdaisy/build/libdaisy.a(i2c.o)
                0x00000000080026a4                HAL_I2C_MspInit
 .text.dsy_i2c_global_init
                0x0000000008002858       0x70 ../../libdaisy/build/libdaisy.a(i2c.o)
                0x0000000008002858                dsy_i2c_global_init
 .text.DMA1_Stream6_IRQHandler
                0x00000000080028c8       0x24 ../../libdaisy/build/libdaisy.a(i2c.o)
                0x00000000080028c8                DMA1_Stream6_IRQHandler
 .text.I2C1_EV_IRQHandler
                0x00000000080028ec        0xc ../../libdaisy/build/libdaisy.a(i2c.o)
                0x00000000080028ec                I2C1_EV_IRQHandler
 .text.I2C2_EV_IRQHandler
                0x00000000080028f8        0xc ../../libdaisy/build/libdaisy.a(i2c.o)
                0x00000000080028f8                I2C2_EV_IRQHandler
 .text.I2C3_EV_IRQHandler
                0x0000000008002904        0xc ../../libdaisy/build/libdaisy.a(i2c.o)
                0x0000000008002904                I2C3_EV_IRQHandler
 .text._ZN5daisy9I2CHandle4InitERKNS0_6ConfigE
                0x0000000008002910       0xbc ../../libdaisy/build/libdaisy.a(i2c.o)
                0x0000000008002910                daisy::I2CHandle::Init(daisy::I2CHandle::Config const&)
 .text._ZN5daisy9I2CHandle16TransmitBlockingEtPhtm
                0x00000000080029cc       0x34 ../../libdaisy/build/libdaisy.a(i2c.o)
                0x00000000080029cc                daisy::I2CHandle::TransmitBlocking(unsigned short, unsigned char*, unsigned short, unsigned long)
 .text.dsy_qspi_init
                0x0000000008002a00      0x390 ../../libdaisy/build/libdaisy.a(qspi.o)
                0x0000000008002a00                dsy_qspi_init
 .text.HAL_QSPI_MspInit
                0x0000000008002d90      0x10c ../../libdaisy/build/libdaisy.a(qspi.o)
                0x0000000008002d90                HAL_QSPI_MspInit
 .text.HAL_QSPI_MspDeInit
                0x0000000008002e9c       0x58 ../../libdaisy/build/libdaisy.a(qspi.o)
                0x0000000008002e9c                HAL_QSPI_MspDeInit
 .text.QUADSPI_IRQHandler
                0x0000000008002ef4        0xc ../../libdaisy/build/libdaisy.a(qspi.o)
                0x0000000008002ef4                QUADSPI_IRQHandler
 .text.dsy_sai2_init
                0x0000000008002f00       0x78 ../../libdaisy/build/libdaisy.a(sai.o)
 .text.dsy_sai_blocks_init.constprop.0
                0x0000000008002f78       0xa4 ../../libdaisy/build/libdaisy.a(sai.o)
 .text.dsy_sai_init_from_handle
                0x000000000800301c       0x88 ../../libdaisy/build/libdaisy.a(sai.o)
                0x000000000800301c                dsy_sai_init_from_handle
 .text.HAL_SAI_MspInit
                0x00000000080030a4      0x41c ../../libdaisy/build/libdaisy.a(sai.o)
                0x00000000080030a4                HAL_SAI_MspInit
 .text._ZN5daisy9SpiHandle4InitEv
                0x00000000080034c0       0x58 ../../libdaisy/build/libdaisy.a(spi.o)
                0x00000000080034c0                daisy::SpiHandle::Init()
 .text._ZN5daisy9SpiHandle16BlockingTransmitEPhj
                0x0000000008003518       0x10 ../../libdaisy/build/libdaisy.a(spi.o)
                0x0000000008003518                daisy::SpiHandle::BlockingTransmit(unsigned char*, unsigned int)
 .text.HAL_SPI_MspInit
                0x0000000008003528       0xdc ../../libdaisy/build/libdaisy.a(spi.o)
                0x0000000008003528                HAL_SPI_MspInit
 .text.dsy_tim_init
                0x0000000008003604       0x70 ../../libdaisy/build/libdaisy.a(tim.o)
                0x0000000008003604                dsy_tim_init
 .text.dsy_tim_start
                0x0000000008003674        0xc ../../libdaisy/build/libdaisy.a(tim.o)
                0x0000000008003674                dsy_tim_start
 .text.dsy_tim_delay_ms
                0x0000000008003680       0x1c ../../libdaisy/build/libdaisy.a(tim.o)
                0x0000000008003680                dsy_tim_delay_ms
 .text.HAL_TIM_Base_MspInit
                0x000000000800369c       0x30 ../../libdaisy/build/libdaisy.a(tim.o)
                0x000000000800369c                HAL_TIM_Base_MspInit
 *fill*         0x00000000080036cc        0x4 
 .text.SystemClock_Config
                0x00000000080036d0      0x17c ../../libdaisy/build/libdaisy.a(system.o)
 .text.SysTick_Handler
                0x000000000800384c       0x10 ../../libdaisy/build/libdaisy.a(system.o)
                0x000000000800384c                SysTick_Handler
 .text.HardFault_Handler
                0x000000000800385c        0x4 ../../libdaisy/build/libdaisy.a(system.o)
                0x000000000800385c                HardFault_Handler
 .text.dsy_system_init
                0x0000000008003860       0xe0 ../../libdaisy/build/libdaisy.a(system.o)
                0x0000000008003860                dsy_system_init
 .text.dsy_system_delay
                0x0000000008003940        0x4 ../../libdaisy/build/libdaisy.a(system.o)
                0x0000000008003940                dsy_system_delay
 .text.dsy_hal_map_get_port
                0x0000000008003944       0x10 ../../libdaisy/build/libdaisy.a(hal_map.o)
                0x0000000008003944                dsy_hal_map_get_port
 .text.dsy_hal_map_get_pin
                0x0000000008003954       0x10 ../../libdaisy/build/libdaisy.a(hal_map.o)
                0x0000000008003954                dsy_hal_map_get_pin
 .text.HAL_MspInit
                0x0000000008003964        0x4 ../../libdaisy/build/libdaisy.a(stm32h7xx_hal.o)
                0x0000000008003964                HAL_MspInit
 .text.HAL_InitTick
                0x0000000008003968       0x4c ../../libdaisy/build/libdaisy.a(stm32h7xx_hal.o)
                0x0000000008003968                HAL_InitTick
 .text.HAL_Init
                0x00000000080039b4       0x5c ../../libdaisy/build/libdaisy.a(stm32h7xx_hal.o)
                0x00000000080039b4                HAL_Init
 .text.HAL_IncTick
                0x0000000008003a10       0x18 ../../libdaisy/build/libdaisy.a(stm32h7xx_hal.o)
                0x0000000008003a10                HAL_IncTick
 .text.HAL_GetTick
                0x0000000008003a28        0xc ../../libdaisy/build/libdaisy.a(stm32h7xx_hal.o)
                0x0000000008003a28                HAL_GetTick
 .text.HAL_Delay
                0x0000000008003a34       0x24 ../../libdaisy/build/libdaisy.a(stm32h7xx_hal.o)
                0x0000000008003a34                HAL_Delay
 .text.HAL_GetREVID
                0x0000000008003a58        0xc ../../libdaisy/build/libdaisy.a(stm32h7xx_hal.o)
                0x0000000008003a58                HAL_GetREVID
 .text.HAL_ADC_ConvCpltCallback
                0x0000000008003a64        0x4 ../../libdaisy/build/libdaisy.a(stm32h7xx_hal_adc.o)
                0x0000000008003a64                HAL_ADC_ConvCpltCallback
 .text.ADC_DMAHalfConvCplt
                0x0000000008003a68        0xc ../../libdaisy/build/libdaisy.a(stm32h7xx_hal_adc.o)
                0x0000000008003a68                ADC_DMAHalfConvCplt
 .text.HAL_ADC_ErrorCallback
                0x0000000008003a74        0x4 ../../libdaisy/build/libdaisy.a(stm32h7xx_hal_adc.o)
                0x0000000008003a74                HAL_ADC_ErrorCallback
 .text.ADC_DMAConvCplt
                0x0000000008003a78       0x6c ../../libdaisy/build/libdaisy.a(stm32h7xx_hal_adc.o)
                0x0000000008003a78                ADC_DMAConvCplt
 .text.ADC_DMAError
                0x0000000008003ae4       0x1c ../../libdaisy/build/libdaisy.a(stm32h7xx_hal_adc.o)
                0x0000000008003ae4                ADC_DMAError
 .text.HAL_ADC_ConfigChannel
                0x0000000008003b00      0x3fc ../../libdaisy/build/libdaisy.a(stm32h7xx_hal_adc.o)
                0x0000000008003b00                HAL_ADC_ConfigChannel
 .text.ADC_Enable
                0x0000000008003efc       0xac ../../libdaisy/build/libdaisy.a(stm32h7xx_hal_adc.o)
                0x0000000008003efc                ADC_Enable
 .text.HAL_ADC_Start_DMA
                0x0000000008003fa8      0x118 ../../libdaisy/build/libdaisy.a(stm32h7xx_hal_adc.o)
                0x0000000008003fa8                HAL_ADC_Start_DMA
 .text.ADC_Disable
                0x00000000080040c0       0x68 ../../libdaisy/build/libdaisy.a(stm32h7xx_hal_adc.o)
                0x00000000080040c0                ADC_Disable
 .text.ADC_ConfigureBoostMode
                0x0000000008004128      0x190 ../../libdaisy/build/libdaisy.a(stm32h7xx_hal_adc.o)
                0x0000000008004128                ADC_ConfigureBoostMode
 .text.HAL_ADC_Init
                0x00000000080042b8      0x214 ../../libdaisy/build/libdaisy.a(stm32h7xx_hal_adc.o)
                0x00000000080042b8                HAL_ADC_Init
 .text.HAL_ADCEx_Calibration_Start
                0x00000000080044cc       0xa4 ../../libdaisy/build/libdaisy.a(stm32h7xx_hal_adc_ex.o)
                0x00000000080044cc                HAL_ADCEx_Calibration_Start
 .text.HAL_ADCEx_MultiModeConfigChannel
                0x0000000008004570       0xc4 ../../libdaisy/build/libdaisy.a(stm32h7xx_hal_adc_ex.o)
                0x0000000008004570                HAL_ADCEx_MultiModeConfigChannel
 .text.HAL_NVIC_SetPriorityGrouping
                0x0000000008004634       0x28 ../../libdaisy/build/libdaisy.a(stm32h7xx_hal_cortex.o)
                0x0000000008004634                HAL_NVIC_SetPriorityGrouping
 .text.HAL_NVIC_SetPriority
                0x000000000800465c       0x74 ../../libdaisy/build/libdaisy.a(stm32h7xx_hal_cortex.o)
                0x000000000800465c                HAL_NVIC_SetPriority
 .text.HAL_NVIC_EnableIRQ
                0x00000000080046d0       0x1c ../../libdaisy/build/libdaisy.a(stm32h7xx_hal_cortex.o)
                0x00000000080046d0                HAL_NVIC_EnableIRQ
 .text.HAL_NVIC_DisableIRQ
                0x00000000080046ec       0x28 ../../libdaisy/build/libdaisy.a(stm32h7xx_hal_cortex.o)
                0x00000000080046ec                HAL_NVIC_DisableIRQ
 .text.HAL_SYSTICK_Config
                0x0000000008004714       0x30 ../../libdaisy/build/libdaisy.a(stm32h7xx_hal_cortex.o)
                0x0000000008004714                HAL_SYSTICK_Config
 .text.HAL_MPU_Disable
                0x0000000008004744       0x20 ../../libdaisy/build/libdaisy.a(stm32h7xx_hal_cortex.o)
                0x0000000008004744                HAL_MPU_Disable
 .text.HAL_MPU_Enable
                0x0000000008004764       0x24 ../../libdaisy/build/libdaisy.a(stm32h7xx_hal_cortex.o)
                0x0000000008004764                HAL_MPU_Enable
 .text.HAL_MPU_ConfigRegion
                0x0000000008004788       0x50 ../../libdaisy/build/libdaisy.a(stm32h7xx_hal_cortex.o)
                0x0000000008004788                HAL_MPU_ConfigRegion
 .text.HAL_SYSTICK_Callback
                0x00000000080047d8        0x4 ../../libdaisy/build/libdaisy.a(stm32h7xx_hal_cortex.o)
                0x00000000080047d8                HAL_SYSTICK_Callback
 .text.HAL_SYSTICK_IRQHandler
                0x00000000080047dc        0x8 ../../libdaisy/build/libdaisy.a(stm32h7xx_hal_cortex.o)
                0x00000000080047dc                HAL_SYSTICK_IRQHandler
 .text.HAL_DAC_Init
                0x00000000080047e4       0x2c ../../libdaisy/build/libdaisy.a(stm32h7xx_hal_dac.o)
                0x00000000080047e4                HAL_DAC_Init
 .text.HAL_DAC_ConfigChannel
                0x0000000008004810      0x140 ../../libdaisy/build/libdaisy.a(stm32h7xx_hal_dac.o)
                0x0000000008004810                HAL_DAC_ConfigChannel
 .text.DMA_CalcBaseAndBitshift
                0x0000000008004950       0xf8 ../../libdaisy/build/libdaisy.a(stm32h7xx_hal_dma.o)
 .text.DMA_CalcDMAMUXChannelBaseAndMask
                0x0000000008004a48       0xd8 ../../libdaisy/build/libdaisy.a(stm32h7xx_hal_dma.o)
 .text.HAL_DMA_Init
                0x0000000008004b20      0x394 ../../libdaisy/build/libdaisy.a(stm32h7xx_hal_dma.o)
                0x0000000008004b20                HAL_DMA_Init
 .text.HAL_DMA_Start_IT
                0x0000000008004eb4      0x250 ../../libdaisy/build/libdaisy.a(stm32h7xx_hal_dma.o)
                0x0000000008004eb4                HAL_DMA_Start_IT
 .text.HAL_DMA_IRQHandler
                0x0000000008005104      0x6bc ../../libdaisy/build/libdaisy.a(stm32h7xx_hal_dma.o)
                0x0000000008005104                HAL_DMA_IRQHandler
 .text.HAL_DMA_GetError
                0x00000000080057c0        0x4 ../../libdaisy/build/libdaisy.a(stm32h7xx_hal_dma.o)
                0x00000000080057c0                HAL_DMA_GetError
 .text.HAL_GPIO_Init
                0x00000000080057c4      0x248 ../../libdaisy/build/libdaisy.a(stm32h7xx_hal_gpio.o)
                0x00000000080057c4                HAL_GPIO_Init
 .text.HAL_GPIO_DeInit
                0x0000000008005a0c      0x19c ../../libdaisy/build/libdaisy.a(stm32h7xx_hal_gpio.o)
                0x0000000008005a0c                HAL_GPIO_DeInit
 .text.HAL_GPIO_WritePin
                0x0000000008005ba8        0x8 ../../libdaisy/build/libdaisy.a(stm32h7xx_hal_gpio.o)
                0x0000000008005ba8                HAL_GPIO_WritePin
 .text.I2C_WaitOnTXISFlagUntilTimeout
                0x0000000008005bb0       0xb8 ../../libdaisy/build/libdaisy.a(stm32h7xx_hal_i2c.o)
 .text.I2C_WaitOnSTOPFlagUntilTimeout
                0x0000000008005c68       0xac ../../libdaisy/build/libdaisy.a(stm32h7xx_hal_i2c.o)
 .text.HAL_I2C_Init
                0x0000000008005d14       0xa8 ../../libdaisy/build/libdaisy.a(stm32h7xx_hal_i2c.o)
                0x0000000008005d14                HAL_I2C_Init
 .text.HAL_I2C_Master_Transmit
                0x0000000008005dbc      0x1b4 ../../libdaisy/build/libdaisy.a(stm32h7xx_hal_i2c.o)
                0x0000000008005dbc                HAL_I2C_Master_Transmit
 .text.HAL_I2C_EV_IRQHandler
                0x0000000008005f70       0x10 ../../libdaisy/build/libdaisy.a(stm32h7xx_hal_i2c.o)
                0x0000000008005f70                HAL_I2C_EV_IRQHandler
 .text.HAL_I2C_GetState
                0x0000000008005f80        0x8 ../../libdaisy/build/libdaisy.a(stm32h7xx_hal_i2c.o)
                0x0000000008005f80                HAL_I2C_GetState
 .text.HAL_I2CEx_ConfigAnalogFilter
                0x0000000008005f88       0x58 ../../libdaisy/build/libdaisy.a(stm32h7xx_hal_i2c_ex.o)
                0x0000000008005f88                HAL_I2CEx_ConfigAnalogFilter
 .text.HAL_I2CEx_ConfigDigitalFilter
                0x0000000008005fe0       0x54 ../../libdaisy/build/libdaisy.a(stm32h7xx_hal_i2c_ex.o)
                0x0000000008005fe0                HAL_I2CEx_ConfigDigitalFilter
 .text.HAL_PWREx_ConfigSupply
                0x0000000008006034       0x4c ../../libdaisy/build/libdaisy.a(stm32h7xx_hal_pwr_ex.o)
                0x0000000008006034                HAL_PWREx_ConfigSupply
 .text.HAL_PWREx_EnableUSBVoltageDetector
                0x0000000008006080       0x10 ../../libdaisy/build/libdaisy.a(stm32h7xx_hal_pwr_ex.o)
                0x0000000008006080                HAL_PWREx_EnableUSBVoltageDetector
 .text.QSPI_Config
                0x0000000008006090      0x1d4 ../../libdaisy/build/libdaisy.a(stm32h7xx_hal_qspi.o)
 .text.HAL_QSPI_Init
                0x0000000008006264       0xd8 ../../libdaisy/build/libdaisy.a(stm32h7xx_hal_qspi.o)
                0x0000000008006264                HAL_QSPI_Init
 .text.HAL_QSPI_DeInit
                0x000000000800633c       0x3c ../../libdaisy/build/libdaisy.a(stm32h7xx_hal_qspi.o)
                0x000000000800633c                HAL_QSPI_DeInit
 .text.HAL_QSPI_Command
                0x0000000008006378       0xd4 ../../libdaisy/build/libdaisy.a(stm32h7xx_hal_qspi.o)
                0x0000000008006378                HAL_QSPI_Command
 .text.HAL_QSPI_Transmit
                0x000000000800644c       0xfc ../../libdaisy/build/libdaisy.a(stm32h7xx_hal_qspi.o)
                0x000000000800644c                HAL_QSPI_Transmit
 .text.HAL_QSPI_Receive
                0x0000000008006548      0x108 ../../libdaisy/build/libdaisy.a(stm32h7xx_hal_qspi.o)
                0x0000000008006548                HAL_QSPI_Receive
 .text.HAL_QSPI_AutoPolling
                0x0000000008006650       0xe8 ../../libdaisy/build/libdaisy.a(stm32h7xx_hal_qspi.o)
                0x0000000008006650                HAL_QSPI_AutoPolling
 .text.HAL_QSPI_MemoryMapped
                0x0000000008006738       0xb8 ../../libdaisy/build/libdaisy.a(stm32h7xx_hal_qspi.o)
                0x0000000008006738                HAL_QSPI_MemoryMapped
 .text.HAL_QSPI_ErrorCallback
                0x00000000080067f0        0x4 ../../libdaisy/build/libdaisy.a(stm32h7xx_hal_qspi.o)
                0x00000000080067f0                HAL_QSPI_ErrorCallback
 .text.QSPI_DMAAbortCplt
                0x00000000080067f4       0x38 ../../libdaisy/build/libdaisy.a(stm32h7xx_hal_qspi.o)
 .text.HAL_QSPI_AbortCpltCallback
                0x000000000800682c        0x4 ../../libdaisy/build/libdaisy.a(stm32h7xx_hal_qspi.o)
                0x000000000800682c                HAL_QSPI_AbortCpltCallback
 .text.HAL_QSPI_CmdCpltCallback
                0x0000000008006830        0x4 ../../libdaisy/build/libdaisy.a(stm32h7xx_hal_qspi.o)
                0x0000000008006830                HAL_QSPI_CmdCpltCallback
 .text.HAL_QSPI_RxCpltCallback
                0x0000000008006834        0x4 ../../libdaisy/build/libdaisy.a(stm32h7xx_hal_qspi.o)
                0x0000000008006834                HAL_QSPI_RxCpltCallback
 .text.HAL_QSPI_TxCpltCallback
                0x0000000008006838        0x4 ../../libdaisy/build/libdaisy.a(stm32h7xx_hal_qspi.o)
                0x0000000008006838                HAL_QSPI_TxCpltCallback
 .text.HAL_QSPI_FifoThresholdCallback
                0x000000000800683c        0x4 ../../libdaisy/build/libdaisy.a(stm32h7xx_hal_qspi.o)
                0x000000000800683c                HAL_QSPI_FifoThresholdCallback
 .text.HAL_QSPI_StatusMatchCallback
                0x0000000008006840        0x4 ../../libdaisy/build/libdaisy.a(stm32h7xx_hal_qspi.o)
                0x0000000008006840                HAL_QSPI_StatusMatchCallback
 .text.HAL_QSPI_TimeOutCallback
                0x0000000008006844        0x4 ../../libdaisy/build/libdaisy.a(stm32h7xx_hal_qspi.o)
                0x0000000008006844                HAL_QSPI_TimeOutCallback
 .text.HAL_QSPI_IRQHandler
                0x0000000008006848      0x210 ../../libdaisy/build/libdaisy.a(stm32h7xx_hal_qspi.o)
                0x0000000008006848                HAL_QSPI_IRQHandler
 .text.HAL_RCC_OscConfig
                0x0000000008006a58      0x538 ../../libdaisy/build/libdaisy.a(stm32h7xx_hal_rcc.o)
                0x0000000008006a58                HAL_RCC_OscConfig
 .text.HAL_RCC_GetSysClockFreq
                0x0000000008006f90      0x140 ../../libdaisy/build/libdaisy.a(stm32h7xx_hal_rcc.o)
                0x0000000008006f90                HAL_RCC_GetSysClockFreq
 .text.HAL_RCC_ClockConfig
                0x00000000080070d0      0x234 ../../libdaisy/build/libdaisy.a(stm32h7xx_hal_rcc.o)
                0x00000000080070d0                HAL_RCC_ClockConfig
 .text.HAL_RCC_GetHCLKFreq
                0x0000000008007304       0x2c ../../libdaisy/build/libdaisy.a(stm32h7xx_hal_rcc.o)
                0x0000000008007304                HAL_RCC_GetHCLKFreq
 .text.RCCEx_PLL2_Config
                0x0000000008007330       0xf8 ../../libdaisy/build/libdaisy.a(stm32h7xx_hal_rcc_ex.o)
 .text.RCCEx_PLL3_Config
                0x0000000008007428       0xf8 ../../libdaisy/build/libdaisy.a(stm32h7xx_hal_rcc_ex.o)
 .text.HAL_RCCEx_PeriphCLKConfig
                0x0000000008007520      0xa7c ../../libdaisy/build/libdaisy.a(stm32h7xx_hal_rcc_ex.o)
                0x0000000008007520                HAL_RCCEx_PeriphCLKConfig
 .text.HAL_RCCEx_GetPLL2ClockFreq
                0x0000000008007f9c      0x17c ../../libdaisy/build/libdaisy.a(stm32h7xx_hal_rcc_ex.o)
                0x0000000008007f9c                HAL_RCCEx_GetPLL2ClockFreq
 .text.HAL_RCCEx_GetPLL3ClockFreq
                0x0000000008008118      0x17c ../../libdaisy/build/libdaisy.a(stm32h7xx_hal_rcc_ex.o)
                0x0000000008008118                HAL_RCCEx_GetPLL3ClockFreq
 .text.HAL_RCCEx_GetPLL1ClockFreq
                0x0000000008008294      0x17c ../../libdaisy/build/libdaisy.a(stm32h7xx_hal_rcc_ex.o)
                0x0000000008008294                HAL_RCCEx_GetPLL1ClockFreq
 .text.HAL_RCCEx_GetPeriphCLKFreq
                0x0000000008008410      0x198 ../../libdaisy/build/libdaisy.a(stm32h7xx_hal_rcc_ex.o)
                0x0000000008008410                HAL_RCCEx_GetPeriphCLKFreq
 .text.HAL_RCCEx_GetD1SysClockFreq
                0x00000000080085a8       0x2c ../../libdaisy/build/libdaisy.a(stm32h7xx_hal_rcc_ex.o)
                0x00000000080085a8                HAL_RCCEx_GetD1SysClockFreq
 .text.HAL_SAI_Init.part.0
                0x00000000080085d4      0x364 ../../libdaisy/build/libdaisy.a(stm32h7xx_hal_sai.o)
 .text.HAL_SAI_InitProtocol
                0x0000000008008938      0x184 ../../libdaisy/build/libdaisy.a(stm32h7xx_hal_sai.o)
                0x0000000008008938                HAL_SAI_InitProtocol
 .text.HAL_SAI_Transmit_DMA
                0x0000000008008abc      0x124 ../../libdaisy/build/libdaisy.a(stm32h7xx_hal_sai.o)
                0x0000000008008abc                HAL_SAI_Transmit_DMA
 .text.HAL_SAI_Receive_DMA
                0x0000000008008be0       0xcc ../../libdaisy/build/libdaisy.a(stm32h7xx_hal_sai.o)
                0x0000000008008be0                HAL_SAI_Receive_DMA
 .text.HAL_SAI_TxCpltCallback
                0x0000000008008cac        0x4 ../../libdaisy/build/libdaisy.a(stm32h7xx_hal_sai.o)
                0x0000000008008cac                HAL_SAI_TxCpltCallback
 .text.SAI_DMATxCplt
                0x0000000008008cb0       0x60 ../../libdaisy/build/libdaisy.a(stm32h7xx_hal_sai.o)
 .text.HAL_SAI_TxHalfCpltCallback
                0x0000000008008d10        0x4 ../../libdaisy/build/libdaisy.a(stm32h7xx_hal_sai.o)
                0x0000000008008d10                HAL_SAI_TxHalfCpltCallback
 .text.SAI_DMATxHalfCplt
                0x0000000008008d14        0xc ../../libdaisy/build/libdaisy.a(stm32h7xx_hal_sai.o)
 .text.SAI_DMARxCplt
                0x0000000008008d20       0x60 ../../libdaisy/build/libdaisy.a(stm32h7xx_hal_sai.o)
 .text.SAI_DMARxHalfCplt
                0x0000000008008d80        0xc ../../libdaisy/build/libdaisy.a(stm32h7xx_hal_sai.o)
 .text.HAL_SAI_ErrorCallback
                0x0000000008008d8c        0x4 ../../libdaisy/build/libdaisy.a(stm32h7xx_hal_sai.o)
                0x0000000008008d8c                HAL_SAI_ErrorCallback
 .text.SAI_DMAError
                0x0000000008008d90       0x6c ../../libdaisy/build/libdaisy.a(stm32h7xx_hal_sai.o)
 .text.HAL_SDRAM_Init
                0x0000000008008dfc       0x54 ../../libdaisy/build/libdaisy.a(stm32h7xx_hal_sdram.o)
                0x0000000008008dfc                HAL_SDRAM_Init
 .text.HAL_SDRAM_SendCommand
                0x0000000008008e50       0x40 ../../libdaisy/build/libdaisy.a(stm32h7xx_hal_sdram.o)
                0x0000000008008e50                HAL_SDRAM_SendCommand
 .text.HAL_SDRAM_ProgramRefreshRate
                0x0000000008008e90       0x30 ../../libdaisy/build/libdaisy.a(stm32h7xx_hal_sdram.o)
                0x0000000008008e90                HAL_SDRAM_ProgramRefreshRate
 .text.SPI_CloseTransfer
                0x0000000008008ec0       0xb8 ../../libdaisy/build/libdaisy.a(stm32h7xx_hal_spi.o)
 .text.HAL_SPI_Init
                0x0000000008008f78      0x168 ../../libdaisy/build/libdaisy.a(stm32h7xx_hal_spi.o)
                0x0000000008008f78                HAL_SPI_Init
 .text.HAL_SPI_Transmit
                0x00000000080090e0      0x32c ../../libdaisy/build/libdaisy.a(stm32h7xx_hal_spi.o)
                0x00000000080090e0                HAL_SPI_Transmit
 .text.HAL_TIM_Base_Init
                0x000000000800940c      0x130 ../../libdaisy/build/libdaisy.a(stm32h7xx_hal_tim.o)
                0x000000000800940c                HAL_TIM_Base_Init
 .text.HAL_TIM_Base_Start
                0x000000000800953c       0x38 ../../libdaisy/build/libdaisy.a(stm32h7xx_hal_tim.o)
                0x000000000800953c                HAL_TIM_Base_Start
 .text.HAL_TIM_ConfigClockSource
                0x0000000008009574      0x17c ../../libdaisy/build/libdaisy.a(stm32h7xx_hal_tim.o)
                0x0000000008009574                HAL_TIM_ConfigClockSource
 .text.HAL_TIMEx_MasterConfigSynchronization
                0x00000000080096f0       0x60 ../../libdaisy/build/libdaisy.a(stm32h7xx_hal_tim_ex.o)
                0x00000000080096f0                HAL_TIMEx_MasterConfigSynchronization
 .text.FMC_SDRAM_Init
                0x0000000008009750       0x78 ../../libdaisy/build/libdaisy.a(stm32h7xx_ll_fmc.o)
                0x0000000008009750                FMC_SDRAM_Init
 .text.FMC_SDRAM_Timing_Init
                0x00000000080097c8       0x98 ../../libdaisy/build/libdaisy.a(stm32h7xx_ll_fmc.o)
                0x00000000080097c8                FMC_SDRAM_Timing_Init
 .text.FMC_SDRAM_SendCommand
                0x0000000008009860       0x24 ../../libdaisy/build/libdaisy.a(stm32h7xx_ll_fmc.o)
                0x0000000008009860                FMC_SDRAM_SendCommand
 .text.FMC_SDRAM_ProgramRefreshRate
                0x0000000008009884       0x1c ../../libdaisy/build/libdaisy.a(stm32h7xx_ll_fmc.o)
                0x0000000008009884                FMC_SDRAM_ProgramRefreshRate
 .text.codec_ak4556_init
                0x00000000080098a0       0x34 ../../libdaisy/build/libdaisy.a(codec_ak4556.o)
                0x00000000080098a0                codec_ak4556_init
 .text.dsy_dma_init
                0x00000000080098d4       0x98 ../../libdaisy/build/libdaisy.a(dma.o)
                0x00000000080098d4                dsy_dma_init
 .text.HAL_MDMA_Abort_IT
                0x000000000800996c       0x2c ../../libdaisy/build/libdaisy.a(stm32h7xx_hal_mdma.o)
                0x000000000800996c                HAL_MDMA_Abort_IT
 .text._ZN7daisysp4FoldD2Ev
                0x0000000008009998        0x4 ../../DaisySP/build/libdaisysp.a(bitcrush.o)
                0x0000000008009998                daisysp::Fold::~Fold()
                0x0000000008009998                daisysp::Fold::~Fold()
 .text._ZN7daisysp8Bitcrush4InitEf
                0x000000000800999c       0x1c ../../DaisySP/build/libdaisysp.a(bitcrush.o)
                0x000000000800999c                daisysp::Bitcrush::Init(float)
 .text._ZN7daisysp8Bitcrush7ProcessEf
                0x00000000080099b8       0x7c ../../DaisySP/build/libdaisysp.a(bitcrush.o)
                0x00000000080099b8                daisysp::Bitcrush::Process(float)
 .text.startup._GLOBAL__sub_I__ZN7daisysp8Bitcrush4InitEf
                0x0000000008009a34       0x18 ../../DaisySP/build/libdaisysp.a(bitcrush.o)
 *fill*         0x0000000008009a4c        0x4 
 .text._ZN7daisysp4Comb4InitEfPfj
                0x0000000008009a50       0x5c ../../DaisySP/build/libdaisysp.a(comb.o)
                0x0000000008009a50                daisysp::Comb::Init(float, float*, unsigned int)
 *fill*         0x0000000008009aac        0x4 
 .text._ZN7daisysp4Comb7ProcessEf
                0x0000000008009ab0       0x98 ../../DaisySP/build/libdaisysp.a(comb.o)
                0x0000000008009ab0                daisysp::Comb::Process(float)
 .text._ZN7daisysp4Comb9SetPeriodEf
                0x0000000008009b48       0x28 ../../DaisySP/build/libdaisysp.a(comb.o)
                0x0000000008009b48                daisysp::Comb::SetPeriod(float)
 .text._ZN7daisysp4Fold4InitEv
                0x0000000008009b70       0x14 ../../DaisySP/build/libdaisysp.a(fold.o)
                0x0000000008009b70                daisysp::Fold::Init()
 .text._ZN7daisysp4Fold7ProcessEf
                0x0000000008009b84       0x38 ../../DaisySP/build/libdaisysp.a(fold.o)
                0x0000000008009b84                daisysp::Fold::Process(float)
 *fill*         0x0000000008009bbc        0x4 
 .text._ZN7daisysp5Metro4InitEff
                0x0000000008009bc0       0x38 ../../DaisySP/build/libdaisysp.a(metro.o)
                0x0000000008009bc0                daisysp::Metro::Init(float, float)
 .text._ZN7daisysp5Metro7ProcessEv
                0x0000000008009bf8       0x40 ../../DaisySP/build/libdaisysp.a(metro.o)
                0x0000000008009bf8                daisysp::Metro::Process()
 .text.__aeabi_atexit
                0x0000000008009c38        0xa /usr/local/Cellar/arm-none-eabi-gcc/9-2019-q4-major/gcc/bin/../lib/gcc/arm-none-eabi/9.2.1/../../../../arm-none-eabi/lib/thumb/v7e-m+dp/hard/libstdc++_nano.a(atexit_arm.o)
                0x0000000008009c38                __aeabi_atexit
 *fill*         0x0000000008009c42        0x6 
 .text.pow      0x0000000008009c48      0x6cc /usr/local/Cellar/arm-none-eabi-gcc/9-2019-q4-major/gcc/bin/../lib/gcc/arm-none-eabi/9.2.1/../../../../arm-none-eabi/lib/thumb/v7e-m+dp/hard/libm.a(lib_a-pow.o)
                0x0000000008009c48                pow
 .text.expf     0x000000000800a314       0xe4 /usr/local/Cellar/arm-none-eabi-gcc/9-2019-q4-major/gcc/bin/../lib/gcc/arm-none-eabi/9.2.1/../../../../arm-none-eabi/lib/thumb/v7e-m+dp/hard/libm.a(lib_a-sf_exp.o)
                0x000000000800a314                expf
 .text.with_errno
                0x000000000800a3f8       0x18 /usr/local/Cellar/arm-none-eabi-gcc/9-2019-q4-major/gcc/bin/../lib/gcc/arm-none-eabi/9.2.1/../../../../arm-none-eabi/lib/thumb/v7e-m+dp/hard/libm.a(lib_a-math_err.o)
 .text.xflow    0x000000000800a410       0x24 /usr/local/Cellar/arm-none-eabi-gcc/9-2019-q4-major/gcc/bin/../lib/gcc/arm-none-eabi/9.2.1/../../../../arm-none-eabi/lib/thumb/v7e-m+dp/hard/libm.a(lib_a-math_err.o)
 *fill*         0x000000000800a434        0x4 
 .text.__math_uflow
                0x000000000800a438       0x10 /usr/local/Cellar/arm-none-eabi-gcc/9-2019-q4-major/gcc/bin/../lib/gcc/arm-none-eabi/9.2.1/../../../../arm-none-eabi/lib/thumb/v7e-m+dp/hard/libm.a(lib_a-math_err.o)
                0x000000000800a438                __math_uflow
 .text.__math_oflow
                0x000000000800a448       0x10 /usr/local/Cellar/arm-none-eabi-gcc/9-2019-q4-major/gcc/bin/../lib/gcc/arm-none-eabi/9.2.1/../../../../arm-none-eabi/lib/thumb/v7e-m+dp/hard/libm.a(lib_a-math_err.o)
                0x000000000800a448                __math_oflow
 .text.__math_divzero
                0x000000000800a458       0x30 /usr/local/Cellar/arm-none-eabi-gcc/9-2019-q4-major/gcc/bin/../lib/gcc/arm-none-eabi/9.2.1/../../../../arm-none-eabi/lib/thumb/v7e-m+dp/hard/libm.a(lib_a-math_err.o)
                0x000000000800a458                __math_divzero
 .text.__math_invalid
                0x000000000800a488       0x20 /usr/local/Cellar/arm-none-eabi-gcc/9-2019-q4-major/gcc/bin/../lib/gcc/arm-none-eabi/9.2.1/../../../../arm-none-eabi/lib/thumb/v7e-m+dp/hard/libm.a(lib_a-math_err.o)
                0x000000000800a488                __math_invalid
 .text.__math_check_uflow
                0x000000000800a4a8       0x14 /usr/local/Cellar/arm-none-eabi-gcc/9-2019-q4-major/gcc/bin/../lib/gcc/arm-none-eabi/9.2.1/../../../../arm-none-eabi/lib/thumb/v7e-m+dp/hard/libm.a(lib_a-math_err.o)
                0x000000000800a4a8                __math_check_uflow
 *fill*         0x000000000800a4bc        0x4 
 .text.__math_check_oflow
                0x000000000800a4c0       0x28 /usr/local/Cellar/arm-none-eabi-gcc/9-2019-q4-major/gcc/bin/../lib/gcc/arm-none-eabi/9.2.1/../../../../arm-none-eabi/lib/thumb/v7e-m+dp/hard/libm.a(lib_a-math_err.o)
                0x000000000800a4c0                __math_check_oflow
 .text.with_errnof
                0x000000000800a4e8       0x18 /usr/local/Cellar/arm-none-eabi-gcc/9-2019-q4-major/gcc/bin/../lib/gcc/arm-none-eabi/9.2.1/../../../../arm-none-eabi/lib/thumb/v7e-m+dp/hard/libm.a(lib_a-math_errf.o)
 .text.xflowf   0x000000000800a500       0x20 /usr/local/Cellar/arm-none-eabi-gcc/9-2019-q4-major/gcc/bin/../lib/gcc/arm-none-eabi/9.2.1/../../../../arm-none-eabi/lib/thumb/v7e-m+dp/hard/libm.a(lib_a-math_errf.o)
 .text.__math_uflowf
                0x000000000800a520        0xc /usr/local/Cellar/arm-none-eabi-gcc/9-2019-q4-major/gcc/bin/../lib/gcc/arm-none-eabi/9.2.1/../../../../arm-none-eabi/lib/thumb/v7e-m+dp/hard/libm.a(lib_a-math_errf.o)
                0x000000000800a520                __math_uflowf
 .text.__math_may_uflowf
                0x000000000800a52c        0xc /usr/local/Cellar/arm-none-eabi-gcc/9-2019-q4-major/gcc/bin/../lib/gcc/arm-none-eabi/9.2.1/../../../../arm-none-eabi/lib/thumb/v7e-m+dp/hard/libm.a(lib_a-math_errf.o)
                0x000000000800a52c                __math_may_uflowf
 .text.__math_oflowf
                0x000000000800a538        0xc /usr/local/Cellar/arm-none-eabi-gcc/9-2019-q4-major/gcc/bin/../lib/gcc/arm-none-eabi/9.2.1/../../../../arm-none-eabi/lib/thumb/v7e-m+dp/hard/libm.a(lib_a-math_errf.o)
                0x000000000800a538                __math_oflowf
 .text.__cxa_atexit
                0x000000000800a544       0x1c /usr/local/Cellar/arm-none-eabi-gcc/9-2019-q4-major/gcc/bin/../lib/gcc/arm-none-eabi/9.2.1/../../../../arm-none-eabi/lib/thumb/v7e-m+dp/hard/libc_nano.a(lib_a-cxa_atexit.o)
                0x000000000800a544                __cxa_atexit
 .text.__errno  0x000000000800a560        0xc /usr/local/Cellar/arm-none-eabi-gcc/9-2019-q4-major/gcc/bin/../lib/gcc/arm-none-eabi/9.2.1/../../../../arm-none-eabi/lib/thumb/v7e-m+dp/hard/libc_nano.a(lib_a-errno.o)
                0x000000000800a560                __errno
 .text.__libc_init_array
                0x000000000800a56c       0x48 /usr/local/Cellar/arm-none-eabi-gcc/9-2019-q4-major/gcc/bin/../lib/gcc/arm-none-eabi/9.2.1/../../../../arm-none-eabi/lib/thumb/v7e-m+dp/hard/libc_nano.a(lib_a-init.o)
                0x000000000800a56c                __libc_init_array
 .text.memcpy   0x000000000800a5b4       0x1c /usr/local/Cellar/arm-none-eabi-gcc/9-2019-q4-major/gcc/bin/../lib/gcc/arm-none-eabi/9.2.1/../../../../arm-none-eabi/lib/thumb/v7e-m+dp/hard/libc_nano.a(lib_a-memcpy-stub.o)
                0x000000000800a5b4                memcpy
 .text.memset   0x000000000800a5d0       0x10 /usr/local/Cellar/arm-none-eabi-gcc/9-2019-q4-major/gcc/bin/../lib/gcc/arm-none-eabi/9.2.1/../../../../arm-none-eabi/lib/thumb/v7e-m+dp/hard/libc_nano.a(lib_a-memset.o)
                0x000000000800a5d0                memset
 *(.rodata)
 .rodata        0x000000000800a5e0      0x200 build/CombFilter.o
 .rodata        0x000000000800a7e0       0x20 ../../libdaisy/build/libdaisy.a(daisy_field.o)
 .rodata        0x000000000800a800       0x10 ../../libdaisy/build/libdaisy.a(i2c.o)
 *(.rodata*)
 .rodata.D1CorePrescTable
                0x000000000800a810       0x10 build/system_stm32h7xx.o
                0x000000000800a810                D1CorePrescTable
 .rodata._ZN5daisy10DaisyField4InitEv.str1.4
                0x000000000800a820        0x6 ../../libdaisy/build/libdaisy.a(daisy_field.o)
 *fill*         0x000000000800a826        0x2 
 .rodata._ZL20field_led_i2c_config
                0x000000000800a828        0xc ../../libdaisy/build/libdaisy.a(daisy_field.o)
 .rodata._ZL8seedgpio
                0x000000000800a834       0x3e ../../libdaisy/build/libdaisy.a(daisy_seed.o)
 *fill*         0x000000000800a872        0x2 
 .rodata._ZL16dsy_adc_rank_map
                0x000000000800a874       0x40 ../../libdaisy/build/libdaisy.a(adc.o)
 .rodata.HAL_QSPI_MspInit.str1.4
                0x000000000800a8b4        0x7 ../../libdaisy/build/libdaisy.a(qspi.o)
 *fill*         0x000000000800a8bb        0x1 
 .rodata.gpio_hal_pin_map
                0x000000000800a8bc       0x20 ../../libdaisy/build/libdaisy.a(hal_map.o)
 .rodata.gpio_hal_port_map
                0x000000000800a8dc       0x30 ../../libdaisy/build/libdaisy.a(hal_map.o)
 .rodata.flagBitshiftOffset.17899
                0x000000000800a90c        0x8 ../../libdaisy/build/libdaisy.a(stm32h7xx_hal_dma.o)
 *fill*         0x000000000800a914        0x4 
 .rodata.__pow_log_data
                0x000000000800a918     0x1048 /usr/local/Cellar/arm-none-eabi-gcc/9-2019-q4-major/gcc/bin/../lib/gcc/arm-none-eabi/9.2.1/../../../../arm-none-eabi/lib/thumb/v7e-m+dp/hard/libm.a(lib_a-pow_log_data.o)
                0x000000000800a918                __pow_log_data
 .rodata.__exp2f_data
                0x000000000800b960      0x148 /usr/local/Cellar/arm-none-eabi-gcc/9-2019-q4-major/gcc/bin/../lib/gcc/arm-none-eabi/9.2.1/../../../../arm-none-eabi/lib/thumb/v7e-m+dp/hard/libm.a(lib_a-sf_exp2_data.o)
                0x000000000800b960                __exp2f_data
 .rodata.__exp_data
                0x000000000800baa8      0x870 /usr/local/Cellar/arm-none-eabi-gcc/9-2019-q4-major/gcc/bin/../lib/gcc/arm-none-eabi/9.2.1/../../../../arm-none-eabi/lib/thumb/v7e-m+dp/hard/libm.a(lib_a-exp_data.o)
                0x000000000800baa8                __exp_data
 *(.glue_7)
 .glue_7        0x000000000800c318        0x0 linker stubs
 *(.glue_7t)
 .glue_7t       0x000000000800c318        0x0 linker stubs
 *(.init)
 .init          0x000000000800c318        0x4 /usr/local/Cellar/arm-none-eabi-gcc/9-2019-q4-major/gcc/bin/../lib/gcc/arm-none-eabi/9.2.1/thumb/v7e-m+dp/hard/crti.o
                0x000000000800c318                _init
 .init          0x000000000800c31c        0x8 /usr/local/Cellar/arm-none-eabi-gcc/9-2019-q4-major/gcc/bin/../lib/gcc/arm-none-eabi/9.2.1/thumb/v7e-m+dp/hard/crtn.o
 *(.fini)
 .fini          0x000000000800c324        0x4 /usr/local/Cellar/arm-none-eabi-gcc/9-2019-q4-major/gcc/bin/../lib/gcc/arm-none-eabi/9.2.1/thumb/v7e-m+dp/hard/crti.o
                0x000000000800c324                _fini
 .fini          0x000000000800c328        0x8 /usr/local/Cellar/arm-none-eabi-gcc/9-2019-q4-major/gcc/bin/../lib/gcc/arm-none-eabi/9.2.1/thumb/v7e-m+dp/hard/crtn.o
                0x000000000800c330                . = ALIGN (0x4)
                0x000000000800c330                _etext = .

.eh_frame       0x000000000800c330        0x0
 .eh_frame      0x000000000800c330        0x0 /usr/local/Cellar/arm-none-eabi-gcc/9-2019-q4-major/gcc/bin/../lib/gcc/arm-none-eabi/9.2.1/thumb/v7e-m+dp/hard/crtbegin.o

.vfp11_veneer   0x000000000800c330        0x0
 .vfp11_veneer  0x000000000800c330        0x0 linker stubs

.v4_bx          0x000000000800c330        0x0
 .v4_bx         0x000000000800c330        0x0 linker stubs

.iplt           0x000000000800c330        0x0
 .iplt          0x000000000800c330        0x0 /usr/local/Cellar/arm-none-eabi-gcc/9-2019-q4-major/gcc/bin/../lib/gcc/arm-none-eabi/9.2.1/thumb/v7e-m+dp/hard/crtbegin.o

.rel.dyn        0x000000000800c330        0x0
 .rel.iplt      0x000000000800c330        0x0 /usr/local/Cellar/arm-none-eabi-gcc/9-2019-q4-major/gcc/bin/../lib/gcc/arm-none-eabi/9.2.1/thumb/v7e-m+dp/hard/crtbegin.o

.ARM.extab      0x000000000800c330        0x0
                0x000000000800c330                . = ALIGN (0x4)
 *(.ARM.extab)
 *(.gnu.linkonce.armextab.*)
                0x000000000800c330                . = ALIGN (0x4)

.exidx          0x000000000800c330        0x0
                0x000000000800c330                . = ALIGN (0x4)
                [!provide]                        PROVIDE (__exidx_start = .)
 *(.ARM.exidx*)
                0x000000000800c330                . = ALIGN (0x4)
                [!provide]                        PROVIDE (__exidx_end = .)

.ARM.attributes
                0x000000000800c330       0x2e
 *(.ARM.attributes)
 .ARM.attributes
                0x000000000800c330       0x1e /usr/local/Cellar/arm-none-eabi-gcc/9-2019-q4-major/gcc/bin/../lib/gcc/arm-none-eabi/9.2.1/thumb/v7e-m+dp/hard/crti.o
 .ARM.attributes
                0x000000000800c34e       0x32 /usr/local/Cellar/arm-none-eabi-gcc/9-2019-q4-major/gcc/bin/../lib/gcc/arm-none-eabi/9.2.1/thumb/v7e-m+dp/hard/crtbegin.o
 .ARM.attributes
                0x000000000800c380       0x32 build/system_stm32h7xx.o
 .ARM.attributes
                0x000000000800c3b2       0x32 build/startup_stm32h750xx.o
 .ARM.attributes
                0x000000000800c3e4       0x32 build/CombFilter.o
 .ARM.attributes
                0x000000000800c416       0x32 ../../libdaisy/build/libdaisy.a(daisy_field.o)
 .ARM.attributes
                0x000000000800c448       0x32 ../../libdaisy/build/libdaisy.a(daisy_seed.o)
 .ARM.attributes
                0x000000000800c47a       0x32 ../../libdaisy/build/libdaisy.a(sdram.o)
 .ARM.attributes
                0x000000000800c4ac       0x32 ../../libdaisy/build/libdaisy.a(sr_4021.o)
 .ARM.attributes
                0x000000000800c4de       0x32 ../../libdaisy/build/libdaisy.a(audio.o)
 .ARM.attributes
                0x000000000800c510       0x32 ../../libdaisy/build/libdaisy.a(ctrl.o)
 .ARM.attributes
                0x000000000800c542       0x32 ../../libdaisy/build/libdaisy.a(gatein.o)
 .ARM.attributes
                0x000000000800c574       0x32 ../../libdaisy/build/libdaisy.a(oled_display.o)
 .ARM.attributes
                0x000000000800c5a6       0x32 ../../libdaisy/build/libdaisy.a(switch.o)
 .ARM.attributes
                0x000000000800c5d8       0x32 ../../libdaisy/build/libdaisy.a(adc.o)
 .ARM.attributes
                0x000000000800c60a       0x32 ../../libdaisy/build/libdaisy.a(dac.o)
 .ARM.attributes
                0x000000000800c63c       0x32 ../../libdaisy/build/libdaisy.a(gpio.o)
 .ARM.attributes
                0x000000000800c66e       0x32 ../../libdaisy/build/libdaisy.a(i2c.o)
 .ARM.attributes
                0x000000000800c6a0       0x32 ../../libdaisy/build/libdaisy.a(qspi.o)
 .ARM.attributes
                0x000000000800c6d2       0x32 ../../libdaisy/build/libdaisy.a(sai.o)
 .ARM.attributes
                0x000000000800c704       0x32 ../../libdaisy/build/libdaisy.a(spi.o)
 .ARM.attributes
                0x000000000800c736       0x32 ../../libdaisy/build/libdaisy.a(tim.o)
 .ARM.attributes
                0x000000000800c768       0x32 ../../libdaisy/build/libdaisy.a(system.o)
 .ARM.attributes
                0x000000000800c79a       0x32 ../../libdaisy/build/libdaisy.a(hal_map.o)
 .ARM.attributes
                0x000000000800c7cc       0x32 ../../libdaisy/build/libdaisy.a(stm32h7xx_hal.o)
 .ARM.attributes
                0x000000000800c7fe       0x32 ../../libdaisy/build/libdaisy.a(stm32h7xx_hal_adc.o)
 .ARM.attributes
                0x000000000800c830       0x32 ../../libdaisy/build/libdaisy.a(stm32h7xx_hal_adc_ex.o)
 .ARM.attributes
                0x000000000800c862       0x32 ../../libdaisy/build/libdaisy.a(stm32h7xx_hal_cortex.o)
 .ARM.attributes
                0x000000000800c894       0x32 ../../libdaisy/build/libdaisy.a(stm32h7xx_hal_dac.o)
 .ARM.attributes
                0x000000000800c8c6       0x32 ../../libdaisy/build/libdaisy.a(stm32h7xx_hal_dma.o)
 .ARM.attributes
                0x000000000800c8f8       0x32 ../../libdaisy/build/libdaisy.a(stm32h7xx_hal_gpio.o)
 .ARM.attributes
                0x000000000800c92a       0x32 ../../libdaisy/build/libdaisy.a(stm32h7xx_hal_i2c.o)
 .ARM.attributes
                0x000000000800c95c       0x32 ../../libdaisy/build/libdaisy.a(stm32h7xx_hal_i2c_ex.o)
 .ARM.attributes
                0x000000000800c98e       0x32 ../../libdaisy/build/libdaisy.a(stm32h7xx_hal_pwr_ex.o)
 .ARM.attributes
                0x000000000800c9c0       0x32 ../../libdaisy/build/libdaisy.a(stm32h7xx_hal_qspi.o)
 .ARM.attributes
                0x000000000800c9f2       0x32 ../../libdaisy/build/libdaisy.a(stm32h7xx_hal_rcc.o)
 .ARM.attributes
                0x000000000800ca24       0x32 ../../libdaisy/build/libdaisy.a(stm32h7xx_hal_rcc_ex.o)
 .ARM.attributes
                0x000000000800ca56       0x32 ../../libdaisy/build/libdaisy.a(stm32h7xx_hal_sai.o)
 .ARM.attributes
                0x000000000800ca88       0x32 ../../libdaisy/build/libdaisy.a(stm32h7xx_hal_sdram.o)
 .ARM.attributes
                0x000000000800caba       0x32 ../../libdaisy/build/libdaisy.a(stm32h7xx_hal_spi.o)
 .ARM.attributes
                0x000000000800caec       0x32 ../../libdaisy/build/libdaisy.a(stm32h7xx_hal_tim.o)
 .ARM.attributes
                0x000000000800cb1e       0x32 ../../libdaisy/build/libdaisy.a(stm32h7xx_hal_tim_ex.o)
 .ARM.attributes
                0x000000000800cb50       0x32 ../../libdaisy/build/libdaisy.a(stm32h7xx_ll_fmc.o)
 .ARM.attributes
                0x000000000800cb82       0x32 ../../libdaisy/build/libdaisy.a(codec_ak4556.o)
 .ARM.attributes
                0x000000000800cbb4       0x32 ../../libdaisy/build/libdaisy.a(dma.o)
 .ARM.attributes
                0x000000000800cbe6       0x32 ../../libdaisy/build/libdaisy.a(stm32h7xx_hal_mdma.o)
 .ARM.attributes
                0x000000000800cc18       0x32 ../../DaisySP/build/libdaisysp.a(bitcrush.o)
 .ARM.attributes
                0x000000000800cc4a       0x32 ../../DaisySP/build/libdaisysp.a(comb.o)
 .ARM.attributes
                0x000000000800cc7c       0x32 ../../DaisySP/build/libdaisysp.a(fold.o)
 .ARM.attributes
                0x000000000800ccae       0x32 ../../DaisySP/build/libdaisysp.a(metro.o)
 .ARM.attributes
                0x000000000800cce0       0x32 /usr/local/Cellar/arm-none-eabi-gcc/9-2019-q4-major/gcc/bin/../lib/gcc/arm-none-eabi/9.2.1/../../../../arm-none-eabi/lib/thumb/v7e-m+dp/hard/libstdc++_nano.a(atexit_arm.o)
 .ARM.attributes
                0x000000000800cd12       0x32 /usr/local/Cellar/arm-none-eabi-gcc/9-2019-q4-major/gcc/bin/../lib/gcc/arm-none-eabi/9.2.1/../../../../arm-none-eabi/lib/thumb/v7e-m+dp/hard/libm.a(lib_a-pow.o)
 .ARM.attributes
                0x000000000800cd44       0x30 /usr/local/Cellar/arm-none-eabi-gcc/9-2019-q4-major/gcc/bin/../lib/gcc/arm-none-eabi/9.2.1/../../../../arm-none-eabi/lib/thumb/v7e-m+dp/hard/libm.a(lib_a-pow_log_data.o)
 .ARM.attributes
                0x000000000800cd74       0x32 /usr/local/Cellar/arm-none-eabi-gcc/9-2019-q4-major/gcc/bin/../lib/gcc/arm-none-eabi/9.2.1/../../../../arm-none-eabi/lib/thumb/v7e-m+dp/hard/libm.a(lib_a-sf_exp.o)
 .ARM.attributes
                0x000000000800cda6       0x30 /usr/local/Cellar/arm-none-eabi-gcc/9-2019-q4-major/gcc/bin/../lib/gcc/arm-none-eabi/9.2.1/../../../../arm-none-eabi/lib/thumb/v7e-m+dp/hard/libm.a(lib_a-sf_exp2_data.o)
 .ARM.attributes
                0x000000000800cdd6       0x30 /usr/local/Cellar/arm-none-eabi-gcc/9-2019-q4-major/gcc/bin/../lib/gcc/arm-none-eabi/9.2.1/../../../../arm-none-eabi/lib/thumb/v7e-m+dp/hard/libm.a(lib_a-exp_data.o)
 .ARM.attributes
                0x000000000800ce06       0x32 /usr/local/Cellar/arm-none-eabi-gcc/9-2019-q4-major/gcc/bin/../lib/gcc/arm-none-eabi/9.2.1/../../../../arm-none-eabi/lib/thumb/v7e-m+dp/hard/libm.a(lib_a-math_err.o)
 .ARM.attributes
                0x000000000800ce38       0x32 /usr/local/Cellar/arm-none-eabi-gcc/9-2019-q4-major/gcc/bin/../lib/gcc/arm-none-eabi/9.2.1/../../../../arm-none-eabi/lib/thumb/v7e-m+dp/hard/libm.a(lib_a-math_errf.o)
 .ARM.attributes
                0x000000000800ce6a       0x32 /usr/local/Cellar/arm-none-eabi-gcc/9-2019-q4-major/gcc/bin/../lib/gcc/arm-none-eabi/9.2.1/../../../../arm-none-eabi/lib/thumb/v7e-m+dp/hard/libc_nano.a(lib_a-cxa_atexit.o)
 .ARM.attributes
                0x000000000800ce9c       0x32 /usr/local/Cellar/arm-none-eabi-gcc/9-2019-q4-major/gcc/bin/../lib/gcc/arm-none-eabi/9.2.1/../../../../arm-none-eabi/lib/thumb/v7e-m+dp/hard/libc_nano.a(lib_a-errno.o)
 .ARM.attributes
                0x000000000800cece       0x30 /usr/local/Cellar/arm-none-eabi-gcc/9-2019-q4-major/gcc/bin/../lib/gcc/arm-none-eabi/9.2.1/../../../../arm-none-eabi/lib/thumb/v7e-m+dp/hard/libc_nano.a(lib_a-impure.o)
 .ARM.attributes
                0x000000000800cefe       0x32 /usr/local/Cellar/arm-none-eabi-gcc/9-2019-q4-major/gcc/bin/../lib/gcc/arm-none-eabi/9.2.1/../../../../arm-none-eabi/lib/thumb/v7e-m+dp/hard/libc_nano.a(lib_a-init.o)
 .ARM.attributes
                0x000000000800cf30       0x32 /usr/local/Cellar/arm-none-eabi-gcc/9-2019-q4-major/gcc/bin/../lib/gcc/arm-none-eabi/9.2.1/../../../../arm-none-eabi/lib/thumb/v7e-m+dp/hard/libc_nano.a(lib_a-memcpy-stub.o)
 .ARM.attributes
                0x000000000800cf62       0x32 /usr/local/Cellar/arm-none-eabi-gcc/9-2019-q4-major/gcc/bin/../lib/gcc/arm-none-eabi/9.2.1/../../../../arm-none-eabi/lib/thumb/v7e-m+dp/hard/libc_nano.a(lib_a-memset.o)
 .ARM.attributes
                0x000000000800cf94       0x1e /usr/local/Cellar/arm-none-eabi-gcc/9-2019-q4-major/gcc/bin/../lib/gcc/arm-none-eabi/9.2.1/thumb/v7e-m+dp/hard/crtn.o

.preinit_array  0x000000000800c330        0x0
                0x000000000800c330                PROVIDE (__preinit_array_start = .)
 *(.preinit_array*)
                0x000000000800c330                PROVIDE (__preinit_array_end = .)

.init_array     0x000000000800c330       0x14
                0x000000000800c330                PROVIDE (__init_array_start = .)
 *(SORT_BY_NAME(.init_array.*))
 *(.init_array*)
 .init_array    0x000000000800c330        0x4 /usr/local/Cellar/arm-none-eabi-gcc/9-2019-q4-major/gcc/bin/../lib/gcc/arm-none-eabi/9.2.1/thumb/v7e-m+dp/hard/crtbegin.o
 .init_array    0x000000000800c334        0x4 build/CombFilter.o
 .init_array    0x000000000800c338        0x4 ../../libdaisy/build/libdaisy.a(daisy_field.o)
 .init_array    0x000000000800c33c        0x4 ../../libdaisy/build/libdaisy.a(oled_display.o)
 .init_array    0x000000000800c340        0x4 ../../DaisySP/build/libdaisysp.a(bitcrush.o)
                0x000000000800c344                PROVIDE (__init_array_end = .)

.fini_array     0x000000000800c344        0x4
                [!provide]                        PROVIDE (__fini_array_start = .)
 *(.fini_array*)
 .fini_array    0x000000000800c344        0x4 /usr/local/Cellar/arm-none-eabi-gcc/9-2019-q4-major/gcc/bin/../lib/gcc/arm-none-eabi/9.2.1/thumb/v7e-m+dp/hard/crtbegin.o
 *(SORT_BY_NAME(.fini_array.*))
                [!provide]                        PROVIDE (__fini_array_end = .)

.data           0x0000000024000000       0x78 load address 0x000000000800c348
                0x0000000024000000                . = ALIGN (0x4)
                0x0000000024000000                _sdata = .
                [!provide]                        PROVIDE (__data_start__ = _sdata)
 *(.data)
 .data          0x0000000024000000        0x4 /usr/local/Cellar/arm-none-eabi-gcc/9-2019-q4-major/gcc/bin/../lib/gcc/arm-none-eabi/9.2.1/thumb/v7e-m+dp/hard/crtbegin.o
                0x0000000024000000                __dso_handle
 *(.data*)
 .data.SystemCoreClock
                0x0000000024000004        0x4 build/system_stm32h7xx.o
                0x0000000024000004                SystemCoreClock
 .data.SystemD2Clock
                0x0000000024000008        0x4 build/system_stm32h7xx.o
                0x0000000024000008                SystemD2Clock
 .data.uwTickFreq
                0x000000002400000c        0x1 ../../libdaisy/build/libdaisy.a(stm32h7xx_hal.o)
 *fill*         0x000000002400000d        0x3 
 .data.uwTickPrio
                0x0000000024000010        0x4 ../../libdaisy/build/libdaisy.a(stm32h7xx_hal.o)
 .data._impure_ptr
                0x0000000024000014        0x4 /usr/local/Cellar/arm-none-eabi-gcc/9-2019-q4-major/gcc/bin/../lib/gcc/arm-none-eabi/9.2.1/../../../../arm-none-eabi/lib/thumb/v7e-m+dp/hard/libc_nano.a(lib_a-impure.o)
                0x0000000024000014                _impure_ptr
 .data.impure_data
                0x0000000024000018       0x60 /usr/local/Cellar/arm-none-eabi-gcc/9-2019-q4-major/gcc/bin/../lib/gcc/arm-none-eabi/9.2.1/../../../../arm-none-eabi/lib/thumb/v7e-m+dp/hard/libc_nano.a(lib_a-impure.o)
                0x0000000024000078                . = ALIGN (0x4)
                0x0000000024000078                _edata = .
                [!provide]                        PROVIDE (__data_end__ = _edata)
                0x000000000800c348                _sidata = LOADADDR (.data)

.igot.plt       0x0000000024000078        0x0 load address 0x000000000800c3c0
 .igot.plt      0x0000000024000078        0x0 /usr/local/Cellar/arm-none-eabi-gcc/9-2019-q4-major/gcc/bin/../lib/gcc/arm-none-eabi/9.2.1/thumb/v7e-m+dp/hard/crtbegin.o

.bss            0x0000000024000078     0xbab8 load address 0x000000000800c3c0
                0x0000000024000078                . = ALIGN (0x4)
                0x0000000024000078                _sbss = .
                0x0000000024000078                PROVIDE (__bss_start__ = _sbss)
 *(.bss)
 .bss           0x0000000024000078       0x1c /usr/local/Cellar/arm-none-eabi-gcc/9-2019-q4-major/gcc/bin/../lib/gcc/arm-none-eabi/9.2.1/thumb/v7e-m+dp/hard/crtbegin.o
 *(.bss*)
 .bss._ZL5metro
                0x0000000024000094       0x10 build/CombFilter.o
 .bss._ZL5noise
                0x00000000240000a4        0x8 build/CombFilter.o
 .bss._ZL8bitcrush
                0x00000000240000ac        0xc build/CombFilter.o
 .bss.buf       0x00000000240000b8     0x9600 build/CombFilter.o
                0x00000000240000b8                buf
 .bss.depth     0x00000000240096b8        0x1 build/CombFilter.o
                0x00000000240096b8                depth
 *fill*         0x00000000240096b9        0x3 
 .bss.flt       0x00000000240096bc       0x24 build/CombFilter.o
                0x00000000240096bc                flt
 .bss.hw        0x00000000240096e0      0x43c build/CombFilter.o
                0x00000000240096e0                hw
 .bss.kvals     0x0000000024009b1c       0x20 build/CombFilter.o
                0x0000000024009b1c                kvals
 .bss.FMC_Initialized
                0x0000000024009b3c        0x4 ../../libdaisy/build/libdaisy.a(sdram.o)
 .bss.dsy_sdram
                0x0000000024009b40       0x3c ../../libdaisy/build/libdaisy.a(sdram.o)
 .bss.audio_handle
                0x0000000024009b7c      0x824 ../../libdaisy/build/libdaisy.a(audio.o)
 .bss.audio_handle_ext
                0x000000002400a3a0      0x824 ../../libdaisy/build/libdaisy.a(audio.o)
 .bss.using_new_callbacks
                0x000000002400abc4        0x1 ../../libdaisy/build/libdaisy.a(audio.o)
 *fill*         0x000000002400abc5        0x3 
 .bss._ZL14SSD1309_Buffer
                0x000000002400abc8      0x400 ../../libdaisy/build/libdaisy.a(oled_display.o)
 .bss._ZL5h_spi
                0x000000002400afc8        0x1 ../../libdaisy/build/libdaisy.a(oled_display.o)
 *fill*         0x000000002400afc9        0x3 
 .bss._ZL6pin_dc
                0x000000002400afcc        0x4 ../../libdaisy/build/libdaisy.a(oled_display.o)
 .bss._ZL7SSD1309
                0x000000002400afd0        0x6 ../../libdaisy/build/libdaisy.a(oled_display.o)
 *fill*         0x000000002400afd6        0x2 
 .bss._ZL9pin_reset
                0x000000002400afd8        0x4 ../../libdaisy/build/libdaisy.a(oled_display.o)
 .bss._ZL3adc   0x000000002400afdc      0x210 ../../libdaisy/build/libdaisy.a(adc.o)
 .bss.dac       0x000000002400b1ec       0x1c ../../libdaisy/build/libdaisy.a(dac.o)
 .bss._ZN5daisy9I2CHandle4Impl21queued_dma_transfers_E
                0x000000002400b208       0x3c ../../libdaisy/build/libdaisy.a(i2c.o)
                0x000000002400b208                daisy::I2CHandle::Impl::queued_dma_transfers_
 .bss._ZN5daisy9I2CHandle4Impl22dma_active_peripheral_E
                0x000000002400b244        0x1 ../../libdaisy/build/libdaisy.a(i2c.o)
                0x000000002400b244                daisy::I2CHandle::Impl::dma_active_peripheral_
 *fill*         0x000000002400b245        0x3 
 .bss._ZN5daisyL11i2c_handlesE
                0x000000002400b248      0x340 ../../libdaisy/build/libdaisy.a(i2c.o)
 .bss.qspi_handle
                0x000000002400b588       0x54 ../../libdaisy/build/libdaisy.a(qspi.o)
 .bss.SAI1_client
                0x000000002400b5dc        0x4 ../../libdaisy/build/libdaisy.a(sai.o)
 .bss.SAI2_client
                0x000000002400b5e0        0x4 ../../libdaisy/build/libdaisy.a(sai.o)
 .bss.sai_handle
                0x000000002400b5e4       0x21 ../../libdaisy/build/libdaisy.a(sai.o)
 *fill*         0x000000002400b605        0x3 
 .bss._ZL5hspi1
                0x000000002400b608       0x88 ../../libdaisy/build/libdaisy.a(spi.o)
 .bss.tim       0x000000002400b690       0x4c ../../libdaisy/build/libdaisy.a(tim.o)
 .bss.uwTick    0x000000002400b6dc        0x4 ../../libdaisy/build/libdaisy.a(stm32h7xx_hal.o)
 .bss._ZL4fold  0x000000002400b6e0       0x10 ../../DaisySP/build/libdaisysp.a(bitcrush.o)
 *(COMMON)
 COMMON         0x000000002400b6f0      0x440 ../../libdaisy/build/libdaisy.a(sai.o)
                0x000000002400b6f0                hsai_BlockB2
                0x000000002400b788                hdma_sai2_b
                0x000000002400b800                hsai_BlockA2
                0x000000002400b898                hsai_BlockB1
                0x000000002400b930                hdma_sai1_a
                0x000000002400b9a8                hdma_sai1_b
                0x000000002400ba20                hdma_sai2_a
                0x000000002400ba98                hsai_BlockA1
                0x000000002400bb30                . = ALIGN (0x4)
                0x000000002400bb30                _ebss = .
                0x000000002400bb30                PROVIDE (__bss_end__ = _ebss)
                [!provide]                        PROVIDE (end = .)

.dtcmram_bss    0x0000000020000000        0x0
                0x0000000020000000                . = ALIGN (0x4)
                0x0000000020000000                _sdtcmram_bss = .
                [!provide]                        PROVIDE (__dtcmram_bss_start__ = _sdtcmram_bss)
 *(.dtcmram_bss)
 *(.dtcmram_bss*)
                0x0000000020000000                . = ALIGN (0x4)
                0x0000000020000000                _edtcmram_bss = .
                [!provide]                        PROVIDE (__dtcmram_bss_end__ = _edtcmram_bss)

.sram1_bss      0x0000000030000000     0x2220
                0x0000000030000000                . = ALIGN (0x4)
                0x0000000030000000                _ssram1_bss = .
                [!provide]                        PROVIDE (__sram1_bss_start__ = _sram1_bss)
 *(.sram1_bss)
 .sram1_bss     0x0000000030000000      0x106 ../../libdaisy/build/libdaisy.a(daisy_field.o)
 *fill*         0x0000000030000106        0x2 
 .sram1_bss     0x0000000030000108     0x2000 ../../libdaisy/build/libdaisy.a(audio.o)
 .sram1_bss     0x0000000030002108      0x118 ../../libdaisy/build/libdaisy.a(adc.o)
 *(.sram1_bss*)
                0x0000000030002220                . = ALIGN (0x4)
                0x0000000030002220                _esram1_bss = .
                [!provide]                        PROVIDE (__sram1_bss_end__ = _esram1_bss)

.sdram_bss      0x00000000c0000000        0x0
                0x00000000c0000000                . = ALIGN (0x4)
                0x00000000c0000000                _ssdram_bss = .
                [!provide]                        PROVIDE (__sdram_bss_start = _ssdram_bss)
 *(.sdram_bss)
 *(.sdram_bss*)
                0x00000000c0000000                . = ALIGN (0x4)
                0x00000000c0000000                _esdram_bss = .
                [!provide]                        PROVIDE (__sdram_bss_end = _esdram_bss)

.qspiflash_text
                0x0000000090000000        0x0
                0x0000000090000000                . = ALIGN (0x4)
                0x0000000090000000                _sqspiflash_text = .
                [!provide]                        PROVIDE (__qspiflash_text_start = _sqspiflash_text)
 *(.qspiflash_text)
 *(.qspiflash_text*)
                0x0000000090000000                . = ALIGN (0x4)
                0x0000000090000000                _eqspiflash_text = .
                [!provide]                        PROVIDE (__qspiflash_text_end = _eqspiflash_text)

.qspiflash_data
                0x0000000090000000        0x0
                0x0000000090000000                . = ALIGN (0x4)
                0x0000000090000000                _sqspiflash_data = .
                [!provide]                        PROVIDE (__qspiflash_data_start = _sqspiflash_data)
 *(.qspiflash_data)
 *(.qspiflash_data*)
                0x0000000090000000                . = ALIGN (0x4)
                0x0000000090000000                _eqspiflash_data = .
                [!provide]                        PROVIDE (__qspiflash_data_end = _eqspiflash_data)

.qspiflash_bss  0x0000000090000000        0x0
                0x0000000090000000                . = ALIGN (0x4)
                0x0000000090000000                _sqspiflash_bss = .
                [!provide]                        PROVIDE (__qspiflash_bss_start = _sqspiflash_bss)
 *(.qspiflash_bss)
 *(.qspiflash_bss*)
                0x0000000090000000                . = ALIGN (0x4)
                0x0000000090000000                _eqspiflash_bss = .
                [!provide]                        PROVIDE (__qspiflash_bss_end = _eqspiflash_bss)

.heap           0x000000002400bb30        0x0
                0x000000002400bb30                . = ALIGN (0x4)
                [!provide]                        PROVIDE (__heap_start__ = .)
 *(.heap)
                0x000000002400bb30                . = ALIGN (0x4)
                [!provide]                        PROVIDE (__heap_end__ = .)

.reserved_for_stack
                0x000000002400bb30        0x0
                0x000000002400bb30                . = ALIGN (0x4)
                [!provide]                        PROVIDE (__reserved_for_stack_start__ = .)
 *(.reserved_for_stack)
                0x000000002400bb30                . = ALIGN (0x4)
                [!provide]                        PROVIDE (__reserved_for_stack_end__ = .)

DISCARD
 libc.a(*)
 libm.a(*)
 libgcc.a(*)
OUTPUT(build/CombFilter.elf elf32-littlearm)

.comment        0x0000000000000000       0x79
 .comment       0x0000000000000000       0x79 build/system_stm32h7xx.o
                                         0x7a (size before relaxing)
 .comment       0x0000000000000079       0x7a build/startup_stm32h750xx.o
 .comment       0x0000000000000079       0x7a build/CombFilter.o
 .comment       0x0000000000000079       0x7a ../../libdaisy/build/libdaisy.a(daisy_field.o)
 .comment       0x0000000000000079       0x7a ../../libdaisy/build/libdaisy.a(daisy_seed.o)
 .comment       0x0000000000000079       0x7a ../../libdaisy/build/libdaisy.a(sdram.o)
 .comment       0x0000000000000079       0x7a ../../libdaisy/build/libdaisy.a(sr_4021.o)
 .comment       0x0000000000000079       0x7a ../../libdaisy/build/libdaisy.a(audio.o)
 .comment       0x0000000000000079       0x7a ../../libdaisy/build/libdaisy.a(ctrl.o)
 .comment       0x0000000000000079       0x7a ../../libdaisy/build/libdaisy.a(gatein.o)
 .comment       0x0000000000000079       0x7a ../../libdaisy/build/libdaisy.a(oled_display.o)
 .comment       0x0000000000000079       0x7a ../../libdaisy/build/libdaisy.a(switch.o)
 .comment       0x0000000000000079       0x7a ../../libdaisy/build/libdaisy.a(adc.o)
 .comment       0x0000000000000079       0x7a ../../libdaisy/build/libdaisy.a(dac.o)
 .comment       0x0000000000000079       0x7a ../../libdaisy/build/libdaisy.a(gpio.o)
 .comment       0x0000000000000079       0x7a ../../libdaisy/build/libdaisy.a(i2c.o)
 .comment       0x0000000000000079       0x7a ../../libdaisy/build/libdaisy.a(qspi.o)
 .comment       0x0000000000000079       0x7a ../../libdaisy/build/libdaisy.a(sai.o)
 .comment       0x0000000000000079       0x7a ../../libdaisy/build/libdaisy.a(spi.o)
 .comment       0x0000000000000079       0x7a ../../libdaisy/build/libdaisy.a(tim.o)
 .comment       0x0000000000000079       0x7a ../../libdaisy/build/libdaisy.a(system.o)
 .comment       0x0000000000000079       0x7a ../../libdaisy/build/libdaisy.a(hal_map.o)
 .comment       0x0000000000000079       0x7a ../../libdaisy/build/libdaisy.a(stm32h7xx_hal.o)
 .comment       0x0000000000000079       0x7a ../../libdaisy/build/libdaisy.a(stm32h7xx_hal_adc.o)
 .comment       0x0000000000000079       0x7a ../../libdaisy/build/libdaisy.a(stm32h7xx_hal_adc_ex.o)
 .comment       0x0000000000000079       0x7a ../../libdaisy/build/libdaisy.a(stm32h7xx_hal_cortex.o)
 .comment       0x0000000000000079       0x7a ../../libdaisy/build/libdaisy.a(stm32h7xx_hal_dac.o)
 .comment       0x0000000000000079       0x7a ../../libdaisy/build/libdaisy.a(stm32h7xx_hal_dma.o)
 .comment       0x0000000000000079       0x7a ../../libdaisy/build/libdaisy.a(stm32h7xx_hal_gpio.o)
 .comment       0x0000000000000079       0x7a ../../libdaisy/build/libdaisy.a(stm32h7xx_hal_i2c.o)
 .comment       0x0000000000000079       0x7a ../../libdaisy/build/libdaisy.a(stm32h7xx_hal_i2c_ex.o)
 .comment       0x0000000000000079       0x7a ../../libdaisy/build/libdaisy.a(stm32h7xx_hal_pwr_ex.o)
 .comment       0x0000000000000079       0x7a ../../libdaisy/build/libdaisy.a(stm32h7xx_hal_qspi.o)
 .comment       0x0000000000000079       0x7a ../../libdaisy/build/libdaisy.a(stm32h7xx_hal_rcc.o)
 .comment       0x0000000000000079       0x7a ../../libdaisy/build/libdaisy.a(stm32h7xx_hal_rcc_ex.o)
 .comment       0x0000000000000079       0x7a ../../libdaisy/build/libdaisy.a(stm32h7xx_hal_sai.o)
 .comment       0x0000000000000079       0x7a ../../libdaisy/build/libdaisy.a(stm32h7xx_hal_sdram.o)
 .comment       0x0000000000000079       0x7a ../../libdaisy/build/libdaisy.a(stm32h7xx_hal_spi.o)
 .comment       0x0000000000000079       0x7a ../../libdaisy/build/libdaisy.a(stm32h7xx_hal_tim.o)
 .comment       0x0000000000000079       0x7a ../../libdaisy/build/libdaisy.a(stm32h7xx_hal_tim_ex.o)
 .comment       0x0000000000000079       0x7a ../../libdaisy/build/libdaisy.a(stm32h7xx_ll_fmc.o)
 .comment       0x0000000000000079       0x7a ../../libdaisy/build/libdaisy.a(codec_ak4556.o)
 .comment       0x0000000000000079       0x7a ../../libdaisy/build/libdaisy.a(dma.o)
 .comment       0x0000000000000079       0x7a ../../libdaisy/build/libdaisy.a(stm32h7xx_hal_mdma.o)
 .comment       0x0000000000000079       0x7a ../../DaisySP/build/libdaisysp.a(bitcrush.o)
 .comment       0x0000000000000079       0x7a ../../DaisySP/build/libdaisysp.a(comb.o)
 .comment       0x0000000000000079       0x7a ../../DaisySP/build/libdaisysp.a(fold.o)
 .comment       0x0000000000000079       0x7a ../../DaisySP/build/libdaisysp.a(metro.o)

.debug_info     0x0000000000000000    0x634d3
 .debug_info    0x0000000000000000     0x4dd3 ../../libdaisy/build/libdaisy.a(daisy_field.o)
 .debug_info    0x0000000000004dd3     0x2c29 ../../libdaisy/build/libdaisy.a(daisy_seed.o)
 .debug_info    0x00000000000079fc     0x1daa ../../libdaisy/build/libdaisy.a(sdram.o)
 .debug_info    0x00000000000097a6      0xd68 ../../libdaisy/build/libdaisy.a(sr_4021.o)
 .debug_info    0x000000000000a50e     0x2638 ../../libdaisy/build/libdaisy.a(audio.o)
 .debug_info    0x000000000000cb46     0x29b8 ../../libdaisy/build/libdaisy.a(ctrl.o)
 .debug_info    0x000000000000f4fe     0x131b ../../libdaisy/build/libdaisy.a(gatein.o)
 .debug_info    0x0000000000010819     0x3526 ../../libdaisy/build/libdaisy.a(oled_display.o)
 .debug_info    0x0000000000013d3f     0x15c0 ../../libdaisy/build/libdaisy.a(switch.o)
 .debug_info    0x00000000000152ff     0x4cbc ../../libdaisy/build/libdaisy.a(adc.o)
 .debug_info    0x0000000000019fbb     0x1be1 ../../libdaisy/build/libdaisy.a(dac.o)
 .debug_info    0x000000000001bb9c     0x1014 ../../libdaisy/build/libdaisy.a(gpio.o)
 .debug_info    0x000000000001cbb0     0x5bbc ../../libdaisy/build/libdaisy.a(i2c.o)
 .debug_info    0x000000000002276c     0x2ff7 ../../libdaisy/build/libdaisy.a(qspi.o)
 .debug_info    0x0000000000025763     0x2550 ../../libdaisy/build/libdaisy.a(sai.o)
 .debug_info    0x0000000000027cb3     0x3f2e ../../libdaisy/build/libdaisy.a(spi.o)
 .debug_info    0x000000000002bbe1     0x190b ../../libdaisy/build/libdaisy.a(tim.o)
 .debug_info    0x000000000002d4ec     0x1f53 ../../libdaisy/build/libdaisy.a(system.o)
 .debug_info    0x000000000002f43f      0xd1a ../../libdaisy/build/libdaisy.a(hal_map.o)
 .debug_info    0x0000000000030159     0x20c9 ../../libdaisy/build/libdaisy.a(stm32h7xx_hal.o)
 .debug_info    0x0000000000032222     0x3921 ../../libdaisy/build/libdaisy.a(stm32h7xx_hal_adc.o)
 .debug_info    0x0000000000035b43     0x38d8 ../../libdaisy/build/libdaisy.a(stm32h7xx_hal_adc_ex.o)
 .debug_info    0x000000000003941b     0x1e01 ../../libdaisy/build/libdaisy.a(stm32h7xx_hal_cortex.o)
 .debug_info    0x000000000003b21c     0x175e ../../libdaisy/build/libdaisy.a(stm32h7xx_hal_dac.o)
 .debug_info    0x000000000003c97a     0x1915 ../../libdaisy/build/libdaisy.a(stm32h7xx_hal_dma.o)
 .debug_info    0x000000000003e28f     0x1796 ../../libdaisy/build/libdaisy.a(stm32h7xx_hal_gpio.o)
 .debug_info    0x000000000003fa25     0x6614 ../../libdaisy/build/libdaisy.a(stm32h7xx_hal_i2c.o)
 .debug_info    0x0000000000046039     0x1862 ../../libdaisy/build/libdaisy.a(stm32h7xx_hal_i2c_ex.o)
 .debug_info    0x000000000004789b     0x1979 ../../libdaisy/build/libdaisy.a(stm32h7xx_hal_pwr_ex.o)
 .debug_info    0x0000000000049214     0x28c9 ../../libdaisy/build/libdaisy.a(stm32h7xx_hal_qspi.o)
 .debug_info    0x000000000004badd     0x1c5a ../../libdaisy/build/libdaisy.a(stm32h7xx_hal_rcc.o)
 .debug_info    0x000000000004d737     0x20c2 ../../libdaisy/build/libdaisy.a(stm32h7xx_hal_rcc_ex.o)
 .debug_info    0x000000000004f7f9     0x2a61 ../../libdaisy/build/libdaisy.a(stm32h7xx_hal_sai.o)